---
source: crates/tools/system/tests/discovery_sessions_test.rs
expression: snapshot_safe_tool_output(output.clone())
---
{
  "appliedCaps": {
    "max_page_size": 50,
    "page_size": 20,
    "top_k": 10
  },
  "hotspotGroups": [
    {
      "avgDurationMs": 160,
      "avgTotalTokens": 7.5,
      "count": 2,
      "failed": 1,
      "failureRate": 0.5,
      "groupDimensions": [
        "agent_id"
      ],
      "groupKey": "00000000-0000-0000-0000-000000000123",
      "groupValues": [
        "00000000-0000-0000-0000-000000000123"
      ]
    }
  ],
  "resource": "llm_calls",
  "rows": [
    {
      "a2a_activity_anchor": "[prov_activity_anchor]",
      "a2a_activity_outcome": "Success",
      "a2a_agent_id": "00000000-0000-0000-0000-000000000123",
      "a2a_client": "openai",
      "a2a_context_id": "ctx-9-9",
      "a2a_duration_ms": 100,
      "a2a_event_order": 10,
      "a2a_function_name": "CallerPrompt",
      "a2a_message_id": "tool-msg-caller",
      "a2a_model": "gpt-4o-mini",
      "a2a_prompt_name": "CallerPrompt",
      "a2a_usage_completion_tokens": 3,
      "a2a_usage_prompt_tokens": 5,
      "a2a_usage_total_tokens": 8,
      "activity_id": "llm_call:ctx-9-9:tool-msg-caller:00000000-0000-0000-0000-000000000123:0",
      "activity_kind": "llm_call",
      "activity_outcome": "Success",
      "activity_ref": "[prov_activity_ref]",
      "activity_status": "Completed",
      "agent_id": "00000000-0000-0000-0000-000000000123",
      "baml_prompt": "CallerPrompt",
      "completion_tokens": 3,
      "context_id": "ctx-9-9",
      "duration_ms": 100,
      "llm_call": null,
      "llm_call_ref": "[prov_payload_ref]",
      "llm_result": null,
      "llm_result_ref": "[prov_payload_ref]",
      "message_id": "tool-msg-caller",
      "model": "gpt-4o-mini",
      "prompt_tokens": 5,
      "prov_endTime": 200,
      "prov_type": "a2a:LlmCall",
      "provider": "openai",
      "timestamp_ms": "[timestamp_ms]",
      "total_tokens": 8
    },
    {
      "a2a_activity_anchor": "[prov_activity_anchor]",
      "a2a_activity_outcome": "Failed",
      "a2a_agent_id": "00000000-0000-0000-0000-000000000123",
      "a2a_client": "openai",
      "a2a_context_id": "ctx-9-9",
      "a2a_duration_ms": 220,
      "a2a_event_order": 900,
      "a2a_failure_class": "failed_graph_incomplete",
      "a2a_failure_evidence": "metadata",
      "a2a_function_name": "CallerPrompt",
      "a2a_message_id": "tool-msg-caller",
      "a2a_model": "gpt-4o-mini",
      "a2a_prompt_name": "CallerPrompt",
      "a2a_usage_completion_tokens": 0,
      "a2a_usage_prompt_tokens": 7,
      "a2a_usage_total_tokens": 7,
      "activity_id": "llm_call:ctx-9-9:tool-msg-caller:00000000-0000-0000-0000-000000000123:1",
      "activity_kind": "llm_call",
      "activity_outcome": "Failed",
      "activity_ref": "[prov_activity_ref]",
      "activity_status": "Completed",
      "agent_id": "00000000-0000-0000-0000-000000000123",
      "baml_prompt": "CallerPrompt",
      "completion_tokens": 0,
      "context_id": "ctx-9-9",
      "duration_ms": 220,
      "failure_class": "baml_validation_error",
      "failure_evidence": "BAML validation failed: missing required field",
      "llm_call": null,
      "llm_call_ref": "[prov_payload_ref]",
      "llm_result": null,
      "llm_result_ref": "[prov_payload_ref]",
      "message_id": "tool-msg-caller",
      "model": "gpt-4o-mini",
      "prompt_tokens": 7,
      "prov_endTime": 300,
      "prov_type": "a2a:LlmCall",
      "provider": "openai",
      "timestamp_ms": "[timestamp_ms]",
      "total_tokens": 7
    }
  ],
  "summary": {
    "cachedInputTokensTotal": 0,
    "completionTokensTotal": 3,
    "count": 2,
    "durationMsTotal": 320,
    "failedCount": 1,
    "latencyHotspots": {
      "p95": 220,
      "p99": 220
    },
    "promptTokensTotal": 12,
    "tokenHotspots": {
      "p95": 8,
      "p99": 8
    },
    "totalTokens": 15
  },
  "truncated": false
}
