---
source: crates/baml-rt-provenance/src/graphqlite_store.rs
expression: mermaid
---
sequenceDiagram
    autonumber
    actor User
    participant report_1_0_0

    User->>+report_1_0_0: Generate report
    Note over report_1_0_0,report_1_0_0: "Completed"
    Note over report_1_0_0: "Artifact report (art-report-1)"
    Note over report_1_0_0: "Artifact chart (art-chart-1)"
    report_1_0_0->>-User: Report and chart ready.
