---
source: crates/baml-rt-provenance/src/graphqlite_store.rs
expression: mermaid
---
sequenceDiagram
    autonumber
    actor User
    participant ops_1_0_0
    participant storage

    User->>+ops_1_0_0: Delete stale objects
    Note over ops_1_0_0,storage: "Failed"
    ops_1_0_0->>+storage: action=Delete bucket=prod-artifacts
    storage--xops_1_0_0: 780ms ✗ permission denied
    deactivate storage
    Note over storage,ops_1_0_0: ✗ "permission denied"
    ops_1_0_0->>-User: Storage delete failed: permission denied
