---
source: crates/baml-rt-provenance/src/graphqlite_store.rs
expression: mermaid
---
sequenceDiagram
    autonumber
    actor User
    participant validator_1_0_0
    participant LLM_openai_generic

    User->>+validator_1_0_0: Return valid JSON
    Note over validator_1_0_0,LLM_openai_generic: "task-reject-retry-1"
    Note over validator_1_0_0: "✗ BAML rejection: invalid schema: missing required field"
    validator_1_0_0->>+LLM_openai_generic: RetryAttempt
    LLM_openai_generic-->>-validator_1_0_0: 600ms ✓
    validator_1_0_0->>-User: Valid JSON after retry.
