---
source: crates/baml-rt-provenance/tests/falkordb_store_test.rs
expression: graph_snapshot_json(&graph_snapshot)
---
[
  [
    [
      "AgentBoot"
    ],
    "agent_boot:00000000-0000-0000-0000-000000000010",
    {
      "a2a:agent_id": "00000000-0000-0000-0000-000000000010",
      "a2a:agent_type": "tony",
      "a2a:agent_version": "1.0.0",
      "a2a:context_id": "ctx-3-1",
      "a2a:event_id": "prov-11",
      "name": "agent_boot:00000000-0000-0000-0000-000000000010",
      "prov:base_type": "ProvActivity",
      "prov:endTime": 1700000001900,
      "prov:startTime": 1700000001900,
      "prov:type": "a2a:AgentBoot"
    },
    "WAS_BOOTSTRAPPED_BY",
    {
      "prov:base_type": "USED",
      "prov:role": "a2a:archive"
    },
    [
      "AgentArchive"
    ],
    "archive:tony@1.0.0",
    {
      "a2a:archive_path": "tony@1.0.0",
      "a2a:context_id": "ctx-3-1",
      "a2a:event_id": "prov-11",
      "name": "archive:tony@1.0.0",
      "prov:base_type": "ProvEntity",
      "prov:type": "a2a:AgentArchive"
    }
  ],
  [
    [
      "AgentBoot"
    ],
    "agent_boot:00000000-0000-0000-0000-000000000010",
    {
      "a2a:agent_id": "00000000-0000-0000-0000-000000000010",
      "a2a:agent_type": "tony",
      "a2a:agent_version": "1.0.0",
      "a2a:context_id": "ctx-3-1",
      "a2a:event_id": "prov-11",
      "name": "agent_boot:00000000-0000-0000-0000-000000000010",
      "prov:base_type": "ProvActivity",
      "prov:endTime": 1700000001900,
      "prov:startTime": 1700000001900,
      "prov:type": "a2a:AgentBoot"
    },
    "WAS_EXECUTED_BY",
    {
      "prov:base_type": "WAS_ASSOCIATED_WITH",
      "prov:role": "executing_agent"
    },
    [
      "AgentRuntimeInstance"
    ],
    "agent:runner",
    {
      "a2a:agent_type": "runner",
      "name": "agent:runner",
      "prov:base_type": "ProvAgent",
      "prov:type": "a2a:AgentRuntimeInstance"
    }
  ],
  [
    [
      "AgentRuntimeInstance"
    ],
    "agent_instance:00000000-0000-0000-0000-000000000010",
    {
      "a2a:agent_id": "00000000-0000-0000-0000-000000000010",
      "a2a:agent_type": "tony",
      "a2a:agent_version": "1.0.0",
      "a2a:context_id": "ctx-3-1",
      "a2a:event_id": "prov-11",
      "name": "agent_instance:00000000-0000-0000-0000-000000000010",
      "prov:base_type": "ProvAgent",
      "prov:type": "a2a:AgentRuntimeInstance"
    },
    "QUALIFIED_GENERATION",
    {
      "prov:base_type": "QUALIFIED_GENERATION",
      "prov:time": 1700000001900
    },
    [
      "AgentBoot"
    ],
    "agent_boot:00000000-0000-0000-0000-000000000010",
    {
      "a2a:agent_id": "00000000-0000-0000-0000-000000000010",
      "a2a:agent_type": "tony",
      "a2a:agent_version": "1.0.0",
      "a2a:context_id": "ctx-3-1",
      "a2a:event_id": "prov-11",
      "name": "agent_boot:00000000-0000-0000-0000-000000000010",
      "prov:base_type": "ProvActivity",
      "prov:endTime": 1700000001900,
      "prov:startTime": 1700000001900,
      "prov:type": "a2a:AgentBoot"
    }
  ],
  [
    [
      "AgentRuntimeInstance"
    ],
    "agent_instance:00000000-0000-0000-0000-000000000010",
    {
      "a2a:agent_id": "00000000-0000-0000-0000-000000000010",
      "a2a:agent_type": "tony",
      "a2a:agent_version": "1.0.0",
      "a2a:context_id": "ctx-3-1",
      "a2a:event_id": "prov-11",
      "name": "agent_instance:00000000-0000-0000-0000-000000000010",
      "prov:base_type": "ProvAgent",
      "prov:type": "a2a:AgentRuntimeInstance"
    },
    "WAS_SPAWNED_BY",
    {
      "prov:base_type": "WAS_GENERATED_BY",
      "prov:time": 1700000001900
    },
    [
      "AgentBoot"
    ],
    "agent_boot:00000000-0000-0000-0000-000000000010",
    {
      "a2a:agent_id": "00000000-0000-0000-0000-000000000010",
      "a2a:agent_type": "tony",
      "a2a:agent_version": "1.0.0",
      "a2a:context_id": "ctx-3-1",
      "a2a:event_id": "prov-11",
      "name": "agent_boot:00000000-0000-0000-0000-000000000010",
      "prov:base_type": "ProvActivity",
      "prov:endTime": 1700000001900,
      "prov:startTime": 1700000001900,
      "prov:type": "a2a:AgentBoot"
    }
  ],
  [
    [
      "LlmCall"
    ],
    "llm_call:prov-14",
    {
      "a2a:client": "TonyOpenRouter",
      "a2a:context_id": "ctx-3-1",
      "a2a:event_id": "prov-14",
      "a2a:function_name": "TonyShrinkChat",
      "a2a:metadata": "{\"agent_id\":\"00000000-0000-0000-0000-000000000010\",\"message_id\":\"msg-10\"}",
      "a2a:model": "openai/gpt-4o-mini",
      "name": "llm_call:prov-14",
      "prov:base_type": "ProvActivity",
      "prov:startTime": 1700000002050,
      "prov:type": "a2a:LlmCall"
    },
    "WAS_CONSUMED_BY",
    {
      "prov:base_type": "USED",
      "prov:role": "input_message"
    },
    [
      "Message"
    ],
    "message:msg-10",
    {
      "a2a:content": [
        "Ping"
      ],
      "a2a:context_id": "ctx-3-1",
      "a2a:direction": "received",
      "a2a:event_id": "prov-15",
      "a2a:message_id": "msg-10",
      "a2a:metadata": "{\"agent\":\"tony\",\"agent_id\":\"00000000-0000-0000-0000-000000000010\"}",
      "a2a:role": "user",
      "name": "message:msg-10",
      "prov:base_type": "ProvEntity",
      "prov:type": "a2a:Message"
    }
  ],
  [
    [
      "LlmCall"
    ],
    "llm_call:prov-14",
    {
      "a2a:client": "TonyOpenRouter",
      "a2a:context_id": "ctx-3-1",
      "a2a:event_id": "prov-14",
      "a2a:function_name": "TonyShrinkChat",
      "a2a:metadata": "{\"agent_id\":\"00000000-0000-0000-0000-000000000010\",\"message_id\":\"msg-10\"}",
      "a2a:model": "openai/gpt-4o-mini",
      "name": "llm_call:prov-14",
      "prov:base_type": "ProvActivity",
      "prov:startTime": 1700000002050,
      "prov:type": "a2a:LlmCall"
    },
    "WAS_USED_BY",
    {
      "prov:base_type": "USED",
      "prov:role": "a2a:prompt"
    },
    [
      "LlmPrompt"
    ],
    "llm_prompt:prov-14",
    {
      "a2a:context_id": "ctx-3-1",
      "a2a:event_id": "prov-14",
      "a2a:prompt": "{\"messages\":[{\"content\":\"Ping\",\"role\":\"user\"}]}",
      "name": "llm_prompt:prov-14",
      "prov:base_type": "ProvEntity",
      "prov:type": "a2a:LlmPrompt"
    }
  ],
  [
    [
      "LlmCall"
    ],
    "llm_call:prov-15",
    {
      "a2a:client": "TonyOpenRouter",
      "a2a:context_id": "ctx-3-1",
      "a2a:duration_ms": 70,
      "a2a:event_id": "prov-15",
      "a2a:function_name": "TonyShrinkChat",
      "a2a:metadata": "{\"agent_id\":\"00000000-0000-0000-0000-000000000010\",\"message_id\":\"msg-10\",\"usage\":{\"completion\":6,\"prompt\":4}}",
      "a2a:model": "openai/gpt-4o-mini",
      "a2a:success": true,
      "a2a:usage_completion_tokens": 6,
      "a2a:usage_prompt_tokens": 4,
      "a2a:usage_total_tokens": 10,
      "name": "llm_call:prov-15",
      "prov:base_type": "ProvActivity",
      "prov:endTime": 1700000002120,
      "prov:type": "a2a:LlmCall"
    },
    "WAS_CONSUMED_BY",
    {
      "prov:base_type": "USED",
      "prov:role": "input_message"
    },
    [
      "Message"
    ],
    "message:msg-10",
    {
      "a2a:content": [
        "Ping"
      ],
      "a2a:context_id": "ctx-3-1",
      "a2a:direction": "received",
      "a2a:event_id": "prov-15",
      "a2a:message_id": "msg-10",
      "a2a:metadata": "{\"agent\":\"tony\",\"agent_id\":\"00000000-0000-0000-0000-000000000010\"}",
      "a2a:role": "user",
      "name": "message:msg-10",
      "prov:base_type": "ProvEntity",
      "prov:type": "a2a:Message"
    }
  ],
  [
    [
      "LlmCall"
    ],
    "llm_call:prov-15",
    {
      "a2a:client": "TonyOpenRouter",
      "a2a:context_id": "ctx-3-1",
      "a2a:duration_ms": 70,
      "a2a:event_id": "prov-15",
      "a2a:function_name": "TonyShrinkChat",
      "a2a:metadata": "{\"agent_id\":\"00000000-0000-0000-0000-000000000010\",\"message_id\":\"msg-10\",\"usage\":{\"completion\":6,\"prompt\":4}}",
      "a2a:model": "openai/gpt-4o-mini",
      "a2a:success": true,
      "a2a:usage_completion_tokens": 6,
      "a2a:usage_prompt_tokens": 4,
      "a2a:usage_total_tokens": 10,
      "name": "llm_call:prov-15",
      "prov:base_type": "ProvActivity",
      "prov:endTime": 1700000002120,
      "prov:type": "a2a:LlmCall"
    },
    "WAS_USED_BY",
    {
      "prov:base_type": "USED",
      "prov:role": "a2a:prompt"
    },
    [
      "LlmPrompt"
    ],
    "llm_prompt:prov-15",
    {
      "a2a:context_id": "ctx-3-1",
      "a2a:event_id": "prov-15",
      "a2a:prompt": "{\"messages\":[{\"content\":\"Ping\",\"role\":\"user\"}]}",
      "name": "llm_prompt:prov-15",
      "prov:base_type": "ProvEntity",
      "prov:type": "a2a:LlmPrompt"
    }
  ],
  [
    [
      "Message"
    ],
    "message:msg-11",
    {
      "a2a:content": [
        "Pong"
      ],
      "a2a:context_id": "ctx-3-1",
      "a2a:direction": "sent",
      "a2a:event_id": "prov-13",
      "a2a:message_id": "msg-11",
      "a2a:metadata": "{\"agent_id\":\"00000000-0000-0000-0000-000000000010\"}",
      "a2a:role": "assistant",
      "name": "message:msg-11",
      "prov:base_type": "ProvEntity",
      "prov:type": "a2a:Message"
    },
    "WAS_EMITTED_BY",
    {
      "prov:base_type": "WAS_GENERATED_BY",
      "prov:time": 1700000002200
    },
    [
      "A2AMessageProcessing"
    ],
    "message_processing:msg-11",
    {
      "a2a:context_id": "ctx-3-1",
      "a2a:direction": "sent",
      "a2a:event_id": "prov-13",
      "a2a:message_id": "msg-11",
      "a2a:role": "assistant",
      "name": "message_processing:msg-11",
      "prov:base_type": "ProvActivity",
      "prov:startTime": 1700000002200,
      "prov:type": "a2a:A2AMessageProcessing"
    }
  ],
  [
    [
      "A2AMessageProcessing"
    ],
    "message_processing:msg-10",
    {
      "a2a:context_id": "ctx-3-1",
      "a2a:direction": "received",
      "a2a:event_id": "prov-12",
      "a2a:message_id": "msg-10",
      "a2a:role": "user",
      "name": "message_processing:msg-10",
      "prov:base_type": "ProvActivity",
      "prov:startTime": 1700000002000,
      "prov:type": "a2a:A2AMessageProcessing"
    },
    "WAS_EXECUTED_BY",
    {
      "prov:base_type": "WAS_ASSOCIATED_WITH",
      "prov:role": "executing_agent"
    },
    [
      "AgentRuntimeInstance"
    ],
    "agent_instance:00000000-0000-0000-0000-000000000010",
    {
      "a2a:agent_id": "00000000-0000-0000-0000-000000000010",
      "a2a:agent_type": "tony",
      "a2a:agent_version": "1.0.0",
      "a2a:context_id": "ctx-3-1",
      "a2a:event_id": "prov-11",
      "name": "agent_instance:00000000-0000-0000-0000-000000000010",
      "prov:base_type": "ProvAgent",
      "prov:type": "a2a:AgentRuntimeInstance"
    }
  ],
  [
    [
      "A2AMessageProcessing"
    ],
    "message_processing:msg-10",
    {
      "a2a:context_id": "ctx-3-1",
      "a2a:direction": "received",
      "a2a:event_id": "prov-12",
      "a2a:message_id": "msg-10",
      "a2a:role": "user",
      "name": "message_processing:msg-10",
      "prov:base_type": "ProvActivity",
      "prov:startTime": 1700000002000,
      "prov:type": "a2a:A2AMessageProcessing"
    },
    "WAS_EXECUTED_BY",
    {
      "a2a:context_id": "ctx-3-1",
      "a2a:from": "message_processing:msg-10",
      "a2a:relation": "A2A_MESSAGE_CALL",
      "a2a:timestamp_ms": 1700000002060,
      "a2a:to": "tool_call:prov-16"
    },
    [
      "ToolCall"
    ],
    "tool_call:prov-16",
    {
      "a2a:context_id": "ctx-3-1",
      "a2a:event_id": "prov-16",
      "a2a:function_name": "ChooseTonyMemoryTool",
      "a2a:metadata": "{\"agent_id\":\"00000000-0000-0000-0000-000000000010\",\"message_id\":\"msg-10\"}",
      "a2a:tool_name": "memory/tony",
      "name": "tool_call:prov-16",
      "prov:base_type": "ProvActivity",
      "prov:startTime": 1700000002060,
      "prov:type": "a2a:ToolCall"
    }
  ],
  [
    [
      "A2AMessageProcessing"
    ],
    "message_processing:msg-10",
    {
      "a2a:context_id": "ctx-3-1",
      "a2a:direction": "received",
      "a2a:event_id": "prov-12",
      "a2a:message_id": "msg-10",
      "a2a:role": "user",
      "name": "message_processing:msg-10",
      "prov:base_type": "ProvActivity",
      "prov:startTime": 1700000002000,
      "prov:type": "a2a:A2AMessageProcessing"
    },
    "WAS_EXECUTED_BY",
    {
      "a2a:context_id": "ctx-3-1",
      "a2a:from": "message_processing:msg-10",
      "a2a:relation": "A2A_MESSAGE_CALL",
      "a2a:timestamp_ms": 1700000002110,
      "a2a:to": "tool_call:prov-17"
    },
    [
      "ToolCall"
    ],
    "tool_call:prov-17",
    {
      "a2a:context_id": "ctx-3-1",
      "a2a:duration_ms": 40,
      "a2a:event_id": "prov-17",
      "a2a:function_name": "ChooseTonyMemoryTool",
      "a2a:metadata": "{\"agent_id\":\"00000000-0000-0000-0000-000000000010\",\"message_id\":\"msg-10\",\"result\":{\"count\":0}}",
      "a2a:success": true,
      "a2a:tool_name": "memory/tony",
      "name": "tool_call:prov-17",
      "prov:base_type": "ProvActivity",
      "prov:endTime": 1700000002110,
      "prov:type": "a2a:ToolCall"
    }
  ],
  [
    [
      "A2AMessageProcessing"
    ],
    "message_processing:msg-10",
    {
      "a2a:context_id": "ctx-3-1",
      "a2a:direction": "received",
      "a2a:event_id": "prov-12",
      "a2a:message_id": "msg-10",
      "a2a:role": "user",
      "name": "message_processing:msg-10",
      "prov:base_type": "ProvActivity",
      "prov:startTime": 1700000002000,
      "prov:type": "a2a:A2AMessageProcessing"
    },
    "WAS_INVOKED_BY",
    {
      "prov:base_type": "WAS_ASSOCIATED_WITH",
      "prov:role": "invoking_agent"
    },
    [
      "AgentRuntimeInstance"
    ],
    "agent:runner",
    {
      "a2a:agent_type": "runner",
      "name": "agent:runner",
      "prov:base_type": "ProvAgent",
      "prov:type": "a2a:AgentRuntimeInstance"
    }
  ],
  [
    [
      "A2AMessageProcessing"
    ],
    "message_processing:msg-10",
    {
      "a2a:context_id": "ctx-3-1",
      "a2a:direction": "received",
      "a2a:event_id": "prov-12",
      "a2a:message_id": "msg-10",
      "a2a:role": "user",
      "name": "message_processing:msg-10",
      "prov:base_type": "ProvActivity",
      "prov:startTime": 1700000002000,
      "prov:type": "a2a:A2AMessageProcessing"
    },
    "WAS_INVOKED_BY",
    {
      "a2a:context_id": "ctx-3-1",
      "a2a:from": "message_processing:msg-10",
      "a2a:relation": "A2A_MESSAGE_CALL",
      "a2a:timestamp_ms": 1700000002050,
      "a2a:to": "llm_call:prov-14"
    },
    [
      "LlmCall"
    ],
    "llm_call:prov-14",
    {
      "a2a:client": "TonyOpenRouter",
      "a2a:context_id": "ctx-3-1",
      "a2a:event_id": "prov-14",
      "a2a:function_name": "TonyShrinkChat",
      "a2a:metadata": "{\"agent_id\":\"00000000-0000-0000-0000-000000000010\",\"message_id\":\"msg-10\"}",
      "a2a:model": "openai/gpt-4o-mini",
      "name": "llm_call:prov-14",
      "prov:base_type": "ProvActivity",
      "prov:startTime": 1700000002050,
      "prov:type": "a2a:LlmCall"
    }
  ],
  [
    [
      "A2AMessageProcessing"
    ],
    "message_processing:msg-10",
    {
      "a2a:context_id": "ctx-3-1",
      "a2a:direction": "received",
      "a2a:event_id": "prov-12",
      "a2a:message_id": "msg-10",
      "a2a:role": "user",
      "name": "message_processing:msg-10",
      "prov:base_type": "ProvActivity",
      "prov:startTime": 1700000002000,
      "prov:type": "a2a:A2AMessageProcessing"
    },
    "WAS_INVOKED_BY",
    {
      "a2a:context_id": "ctx-3-1",
      "a2a:from": "message_processing:msg-10",
      "a2a:relation": "A2A_MESSAGE_CALL",
      "a2a:timestamp_ms": 1700000002120,
      "a2a:to": "llm_call:prov-15"
    },
    [
      "LlmCall"
    ],
    "llm_call:prov-15",
    {
      "a2a:client": "TonyOpenRouter",
      "a2a:context_id": "ctx-3-1",
      "a2a:duration_ms": 70,
      "a2a:event_id": "prov-15",
      "a2a:function_name": "TonyShrinkChat",
      "a2a:metadata": "{\"agent_id\":\"00000000-0000-0000-0000-000000000010\",\"message_id\":\"msg-10\",\"usage\":{\"completion\":6,\"prompt\":4}}",
      "a2a:model": "openai/gpt-4o-mini",
      "a2a:success": true,
      "a2a:usage_completion_tokens": 6,
      "a2a:usage_prompt_tokens": 4,
      "a2a:usage_total_tokens": 10,
      "name": "llm_call:prov-15",
      "prov:base_type": "ProvActivity",
      "prov:endTime": 1700000002120,
      "prov:type": "a2a:LlmCall"
    }
  ],
  [
    [
      "A2AMessageProcessing"
    ],
    "message_processing:msg-10",
    {
      "a2a:context_id": "ctx-3-1",
      "a2a:direction": "received",
      "a2a:event_id": "prov-12",
      "a2a:message_id": "msg-10",
      "a2a:role": "user",
      "name": "message_processing:msg-10",
      "prov:base_type": "ProvActivity",
      "prov:startTime": 1700000002000,
      "prov:type": "a2a:A2AMessageProcessing"
    },
    "WAS_RECEIVED_BY",
    {
      "prov:base_type": "USED",
      "prov:role": "input_message"
    },
    [
      "Message"
    ],
    "message:msg-10",
    {
      "a2a:content": [
        "Ping"
      ],
      "a2a:context_id": "ctx-3-1",
      "a2a:direction": "received",
      "a2a:event_id": "prov-15",
      "a2a:message_id": "msg-10",
      "a2a:metadata": "{\"agent\":\"tony\",\"agent_id\":\"00000000-0000-0000-0000-000000000010\"}",
      "a2a:role": "user",
      "name": "message:msg-10",
      "prov:base_type": "ProvEntity",
      "prov:type": "a2a:Message"
    }
  ],
  [
    [
      "A2AMessageProcessing"
    ],
    "message_processing:msg-11",
    {
      "a2a:context_id": "ctx-3-1",
      "a2a:direction": "sent",
      "a2a:event_id": "prov-13",
      "a2a:message_id": "msg-11",
      "a2a:role": "assistant",
      "name": "message_processing:msg-11",
      "prov:base_type": "ProvActivity",
      "prov:startTime": 1700000002200,
      "prov:type": "a2a:A2AMessageProcessing"
    },
    "WAS_EXECUTED_BY",
    {
      "prov:base_type": "WAS_ASSOCIATED_WITH",
      "prov:role": "executing_agent"
    },
    [
      "AgentRuntimeInstance"
    ],
    "agent_instance:00000000-0000-0000-0000-000000000010",
    {
      "a2a:agent_id": "00000000-0000-0000-0000-000000000010",
      "a2a:agent_type": "tony",
      "a2a:agent_version": "1.0.0",
      "a2a:context_id": "ctx-3-1",
      "a2a:event_id": "prov-11",
      "name": "agent_instance:00000000-0000-0000-0000-000000000010",
      "prov:base_type": "ProvAgent",
      "prov:type": "a2a:AgentRuntimeInstance"
    }
  ],
  [
    [
      "A2AMessageProcessing"
    ],
    "message_processing:msg-11",
    {
      "a2a:context_id": "ctx-3-1",
      "a2a:direction": "sent",
      "a2a:event_id": "prov-13",
      "a2a:message_id": "msg-11",
      "a2a:role": "assistant",
      "name": "message_processing:msg-11",
      "prov:base_type": "ProvActivity",
      "prov:startTime": 1700000002200,
      "prov:type": "a2a:A2AMessageProcessing"
    },
    "WAS_INVOKED_BY",
    {
      "prov:base_type": "WAS_ASSOCIATED_WITH",
      "prov:role": "invoking_agent"
    },
    [
      "AgentRuntimeInstance"
    ],
    "agent:runner",
    {
      "a2a:agent_type": "runner",
      "name": "agent:runner",
      "prov:base_type": "ProvAgent",
      "prov:type": "a2a:AgentRuntimeInstance"
    }
  ],
  [
    [
      "ToolCall"
    ],
    "tool_call:prov-16",
    {
      "a2a:context_id": "ctx-3-1",
      "a2a:event_id": "prov-16",
      "a2a:function_name": "ChooseTonyMemoryTool",
      "a2a:metadata": "{\"agent_id\":\"00000000-0000-0000-0000-000000000010\",\"message_id\":\"msg-10\"}",
      "a2a:tool_name": "memory/tony",
      "name": "tool_call:prov-16",
      "prov:base_type": "ProvActivity",
      "prov:startTime": 1700000002060,
      "prov:type": "a2a:ToolCall"
    },
    "WAS_CONSUMED_BY",
    {
      "prov:base_type": "USED",
      "prov:role": "input_message"
    },
    [
      "Message"
    ],
    "message:msg-10",
    {
      "a2a:content": [
        "Ping"
      ],
      "a2a:context_id": "ctx-3-1",
      "a2a:direction": "received",
      "a2a:event_id": "prov-15",
      "a2a:message_id": "msg-10",
      "a2a:metadata": "{\"agent\":\"tony\",\"agent_id\":\"00000000-0000-0000-0000-000000000010\"}",
      "a2a:role": "user",
      "name": "message:msg-10",
      "prov:base_type": "ProvEntity",
      "prov:type": "a2a:Message"
    }
  ],
  [
    [
      "ToolCall"
    ],
    "tool_call:prov-16",
    {
      "a2a:context_id": "ctx-3-1",
      "a2a:event_id": "prov-16",
      "a2a:function_name": "ChooseTonyMemoryTool",
      "a2a:metadata": "{\"agent_id\":\"00000000-0000-0000-0000-000000000010\",\"message_id\":\"msg-10\"}",
      "a2a:tool_name": "memory/tony",
      "name": "tool_call:prov-16",
      "prov:base_type": "ProvActivity",
      "prov:startTime": 1700000002060,
      "prov:type": "a2a:ToolCall"
    },
    "WAS_USED_BY",
    {
      "prov:base_type": "USED",
      "prov:role": "a2a:args"
    },
    [
      "ToolArgs"
    ],
    "tool_args:prov-16",
    {
      "a2a:args": "{\"limit\":3}",
      "a2a:context_id": "ctx-3-1",
      "a2a:event_id": "prov-16",
      "name": "tool_args:prov-16",
      "prov:base_type": "ProvEntity",
      "prov:type": "a2a:ToolArgs"
    }
  ],
  [
    [
      "ToolCall"
    ],
    "tool_call:prov-17",
    {
      "a2a:context_id": "ctx-3-1",
      "a2a:duration_ms": 40,
      "a2a:event_id": "prov-17",
      "a2a:function_name": "ChooseTonyMemoryTool",
      "a2a:metadata": "{\"agent_id\":\"00000000-0000-0000-0000-000000000010\",\"message_id\":\"msg-10\",\"result\":{\"count\":0}}",
      "a2a:success": true,
      "a2a:tool_name": "memory/tony",
      "name": "tool_call:prov-17",
      "prov:base_type": "ProvActivity",
      "prov:endTime": 1700000002110,
      "prov:type": "a2a:ToolCall"
    },
    "WAS_CONSUMED_BY",
    {
      "prov:base_type": "USED",
      "prov:role": "input_message"
    },
    [
      "Message"
    ],
    "message:msg-10",
    {
      "a2a:content": [
        "Ping"
      ],
      "a2a:context_id": "ctx-3-1",
      "a2a:direction": "received",
      "a2a:event_id": "prov-15",
      "a2a:message_id": "msg-10",
      "a2a:metadata": "{\"agent\":\"tony\",\"agent_id\":\"00000000-0000-0000-0000-000000000010\"}",
      "a2a:role": "user",
      "name": "message:msg-10",
      "prov:base_type": "ProvEntity",
      "prov:type": "a2a:Message"
    }
  ],
  [
    [
      "ToolCall"
    ],
    "tool_call:prov-17",
    {
      "a2a:context_id": "ctx-3-1",
      "a2a:duration_ms": 40,
      "a2a:event_id": "prov-17",
      "a2a:function_name": "ChooseTonyMemoryTool",
      "a2a:metadata": "{\"agent_id\":\"00000000-0000-0000-0000-000000000010\",\"message_id\":\"msg-10\",\"result\":{\"count\":0}}",
      "a2a:success": true,
      "a2a:tool_name": "memory/tony",
      "name": "tool_call:prov-17",
      "prov:base_type": "ProvActivity",
      "prov:endTime": 1700000002110,
      "prov:type": "a2a:ToolCall"
    },
    "WAS_USED_BY",
    {
      "prov:base_type": "USED",
      "prov:role": "a2a:args"
    },
    [
      "ToolArgs"
    ],
    "tool_args:prov-17",
    {
      "a2a:args": "{\"limit\":3}",
      "a2a:context_id": "ctx-3-1",
      "a2a:event_id": "prov-17",
      "name": "tool_args:prov-17",
      "prov:base_type": "ProvEntity",
      "prov:type": "a2a:ToolArgs"
    }
  ]
]
