---
source: crates/baml-rt-provenance/tests/store_test.rs
expression: mermaid
---
sequenceDiagram
    autonumber
    actor User
    participant clickup_1_0_0
    participant notion

    User->>+clickup_1_0_0: Draft a weekly status update
    Note over clickup_1_0_0,notion: "Completed"
    clickup_1_0_0->>-User: Need project scope before I can proceed.
    activate clickup_1_0_0
    Note over clickup_1_0_0: "Artifact application/markdown (artifact-weekly-status)"
    User->>+clickup_1_0_0: Use the platform project context.
    Note over clickup_1_0_0,notion: "Completed"
    clickup_1_0_0->>+notion: action=CreatePage title=Weekly Status
    notion-->>-clickup_1_0_0: 145ms ✓
    clickup_1_0_0->>-User: Draft is ready and attached.
