---
source: crates/baml-rt-provenance/tests/store_test.rs
assertion_line: 167
expression: mermaid
---
sequenceDiagram
    autonumber
    actor User
    participant clickup_1_0_0 as "Clickup@1.0.0"
    participant LLM_openai_generic as "Openai Generic"
    participant clickup as "Clickup"

    User->>+clickup_1_0_0: how many tasks are in to do?
    rect rgb(220, 230, 241)
    Note over clickup_1_0_0,clickup: "task-sequence-1"
    clickup_1_0_0->>+LLM_openai_generic: Choose Click Up Action
    LLM_openai_generic-->>-clickup_1_0_0: 7475ms ✓
    clickup_1_0_0->>+clickup: action=ListTeams
    clickup-->>-clickup_1_0_0: 976ms ✓
    clickup_1_0_0->>-User: Found 1 team(s)
    end
