---
source: crates/baml-rt-quickjs/src/execution_session_types.rs
expression: "serde_json::to_value(&cmd).unwrap()"
---
{
  "action": "submit_intent",
  "session_id": "session-test-123",
  "intent": {
    "intentId": "intent-test-1",
    "description": "Refined intent",
    "citations": [
      "#3"
    ],
    "supersession": "replaced_by"
  }
}
