---
source: crates/baml-rt-api/tests/api_test.rs
expression: snapshot
---
{
  "filtered": {
    "status": 500,
    "body": {
      "status": 500,
      "title": "Internal Server Error",
      "detail": "invalid provenance activity anchor llm_call:ctx-100-1:msg-b:bbbbbbbb-bbbb-bbbb-bbbb-bbbbbbbbbbbb:0: missing write-time failure classification for failed llm_call"
    }
  },
  "drilldown": {
    "status": 500,
    "body": {
      "status": 500,
      "title": "Internal Server Error",
      "detail": "invalid provenance activity anchor llm_call:ctx-100-1:msg-b:bbbbbbbb-bbbb-bbbb-bbbb-bbbbbbbbbbbb:0: missing write-time failure classification for failed llm_call"
    }
  }
}
