---
source: crates/baml-rt-api/tests/api_test.rs
expression: snapshot
---
{
  "status": 200,
  "body": {
    "resource": "messages",
    "rows": [
      {
        "activity_id": "message:ctx-100-1:msg-a",
        "a2a_activity_anchor": "[prov_activity_anchor]",
        "message_text": "run analysis",
        "a2a_context_id": "ctx-100-1",
        "a2a_direction": "received",
        "a2a_event_order": "[a2a_event_order]",
        "a2a_message_id": "msg-a",
        "a2a_role": "ROLE_USER",
        "prov_type": "a2a:Message",
        "context_id": "ctx-100-1",
        "message_id": "msg-a",
        "timestamp_ms": "[timestamp_ms]",
        "activity_outcome": "Success",
        "activity_status": "Completed",
        "activity_kind": "message_turn",
        "activity_ref": "prov:v1:activity:message:ctx-100-1:msg-a",
        "llm_duration_ms_sum": 361,
        "tool_duration_ms_sum": 420,
        "total_processing_ms": 781,
        "duration_ms": 781,
        "message_content": [
          "run analysis"
        ],
        "role": "ROLE_USER",
        "direction": "received"
      },
      {
        "activity_id": "message:ctx-100-1:msg-b",
        "a2a_activity_anchor": "[prov_activity_anchor]",
        "message_text": "BAML validation failed: invalid response schema",
        "a2a_context_id": "ctx-100-1",
        "a2a_direction": "sent",
        "a2a_event_order": "[a2a_event_order]",
        "a2a_message_id": "msg-b",
        "a2a_role": "ROLE_AGENT",
        "prov_type": "a2a:Message",
        "context_id": "ctx-100-1",
        "message_id": "msg-b",
        "timestamp_ms": "[timestamp_ms]",
        "activity_outcome": "Success",
        "activity_status": "Completed",
        "activity_kind": "message_turn",
        "activity_ref": "prov:v1:activity:message:ctx-100-1:msg-b",
        "llm_duration_ms_sum": 650,
        "tool_duration_ms_sum": 0,
        "total_processing_ms": 650,
        "duration_ms": 650,
        "message_content": [
          "BAML validation failed: invalid response schema"
        ],
        "role": "ROLE_AGENT",
        "direction": "sent"
      },
      {
        "activity_id": "message:ctx-100-1:msg-c",
        "a2a_activity_anchor": "[prov_activity_anchor]",
        "message_text": "authentication failed: 401 unauthorized invalid api key",
        "a2a_context_id": "ctx-100-1",
        "a2a_direction": "sent",
        "a2a_event_order": "[a2a_event_order]",
        "a2a_message_id": "msg-c",
        "a2a_role": "ROLE_AGENT",
        "prov_type": "a2a:Message",
        "context_id": "ctx-100-1",
        "message_id": "msg-c",
        "timestamp_ms": "[timestamp_ms]",
        "activity_outcome": "Success",
        "activity_status": "Completed",
        "activity_kind": "message_turn",
        "activity_ref": "prov:v1:activity:message:ctx-100-1:msg-c",
        "llm_duration_ms_sum": 0,
        "tool_duration_ms_sum": 240,
        "total_processing_ms": 240,
        "duration_ms": 240,
        "message_content": [
          "authentication failed: 401 unauthorized invalid api key"
        ],
        "role": "ROLE_AGENT",
        "direction": "sent"
      }
    ],
    "summary": {
      "count": 3,
      "failedCount": 0,
      "durationMsTotal": 1671,
      "totalTokens": 0,
      "promptTokensTotal": 0,
      "completionTokensTotal": 0,
      "latencyHotspots": {
        "p95": 781.0,
        "p99": 781.0
      },
      "tokenHotspots": {
        "p95": 0.0,
        "p99": 0.0
      }
    },
    "hotspotGroups": [
      {
        "groupKey": "|",
        "groupValues": [
          null,
          null
        ],
        "groupDimensions": [
          "agent_id",
          "baml_prompt"
        ],
        "count": 3,
        "failed": 0,
        "failureRate": 0.0,
        "avgDurationMs": 557.0,
        "avgTotalTokens": 0.0
      }
    ],
    "truncated": false,
    "appliedCaps": {
      "page_size": 50,
      "max_page_size": 200,
      "top_k": 10
    }
  }
}
