---
source: crates/baml-rt-api/tests/api_test.rs
expression: snapshot
---
{
  "status": 200,
  "body": {
    "resource": "llm_calls",
    "rows": [
      {
        "activity_id": "llm_call:ctx-100-1:msg-a:aaaaaaaa-aaaa-aaaa-aaaa-aaaaaaaaaaaa:0",
        "a2a_activity_outcome": "Success",
        "a2a_agent_id": "[uuid]",
        "a2a_client": "openai",
        "a2a_context_id": "ctx-100-1",
        "a2a_drift_block_min_score": 0.25,
        "a2a_drift_mode": "audit",
        "a2a_drift_score": 0.6179999709129333,
        "a2a_drift_severity": "warn",
        "a2a_drift_warn_min_score": 0.5,
        "a2a_duration_ms": 181,
        "a2a_event_id": "[prov_event_id]",
        "a2a_function_name": "SummarizePrompt",
        "a2a_intent_text_preview": "Create a task titled Research",
        "llm_result": null,
        "llm_call": {
          "input": "hello with drift"
        },
        "a2a_message_id": "msg-a",
        "a2a_model": "gpt-4o-mini",
        "a2a_prompt_name": "SummarizePrompt",
        "a2a_response_text_preview": "Create task in list 901325431486",
        "a2a_usage_completion_tokens": 7,
        "a2a_usage_prompt_tokens": 10,
        "a2a_usage_total_tokens": 17,
        "prov_endTime": 1773994713611,
        "prov_type": "a2a:LlmCall",
        "context_id": "ctx-100-1",
        "message_id": "msg-a",
        "agent_id": "[uuid]",
        "provider": "openai",
        "model": "gpt-4o-mini",
        "baml_prompt": "SummarizePrompt",
        "duration_ms": 181,
        "prompt_tokens": 10,
        "completion_tokens": 7,
        "total_tokens": 17,
        "timestamp_ms": "[timestamp_ms]",
        "activity_outcome": "Success",
        "activity_status": "Completed",
        "activity_kind": "llm_call",
        "activity_ref": "prov:v1:activity:llm_call:ctx-100-1:msg-a:aaaaaaaa-aaaa-aaaa-aaaa-aaaaaaaaaaaa:0",
        "llm_call_ref": "[prov_event_id]",
        "llm_result_ref": "[prov_event_id]",
        "drift": {
          "score": 0.6179999709129333,
          "severity": "warn",
          "mode": "audit",
          "warnMinScore": 0.5,
          "blockMinScore": 0.25,
          "intentTextPreview": "Create a task titled Research",
          "responseTextPreview": "Create task in list 901325431486"
        }
      }
    ],
    "summary": {
      "count": 1,
      "failedCount": 0,
      "durationMsTotal": 181,
      "totalTokens": 17,
      "promptTokensTotal": 10,
      "completionTokensTotal": 7,
      "latencyHotspots": {
        "p95": 181.0,
        "p99": 181.0
      },
      "tokenHotspots": {
        "p95": 17.0,
        "p99": 17.0
      },
      "cachedInputTokensTotal": 0
    },
    "hotspotGroups": [
      {
        "groupKey": "aaaaaaaa-aaaa-aaaa-aaaa-aaaaaaaaaaaa|gpt-4o-mini",
        "groupValues": [
          "[uuid]",
          "gpt-4o-mini"
        ],
        "groupDimensions": [
          "agent_id",
          "model"
        ],
        "count": 1,
        "failed": 0,
        "failureRate": 0.0,
        "avgDurationMs": 181.0,
        "avgTotalTokens": 17.0
      }
    ],
    "truncated": false,
    "appliedCaps": {
      "page_size": 50,
      "max_page_size": 200,
      "top_k": 10
    }
  }
}
