---
source: crates/baml-rt-api/tests/api_test.rs
expression: snapshot
---
{
  "status": 200,
  "body": {
    "resource": "messages",
    "rows": [
      {
        "activity_id": "message:ctx-100-1:msg-a",
        "context_id": "ctx-100-1",
        "task_id": "",
        "message_id": "msg-a",
        "role": "ROLE_USER",
        "direction": "received",
        "content": "run analysis",
        "metadata": "{\"channel\":\"api-test\"}",
        "llm_duration_ms_sum": 0,
        "tool_duration_ms_sum": 0,
        "total_processing_ms": 0,
        "duration_ms": 0,
        "timestamp_ms": "[timestamp_ms]",
        "activity_status": "Completed",
        "activity_outcome": "Success",
        "activity_kind": "message_turn"
      },
      {
        "activity_id": "message:ctx-100-1:msg-b",
        "context_id": "ctx-100-1",
        "task_id": "",
        "message_id": "msg-b",
        "role": "ROLE_AGENT",
        "direction": "sent",
        "content": "BAML validation failed: invalid response schema",
        "metadata": "{\"channel\":\"api-test\"}",
        "llm_duration_ms_sum": 0,
        "tool_duration_ms_sum": 0,
        "total_processing_ms": 0,
        "duration_ms": 0,
        "timestamp_ms": "[timestamp_ms]",
        "activity_status": "Completed",
        "activity_outcome": "Success",
        "activity_kind": "message_turn"
      },
      {
        "activity_id": "message:ctx-100-1:msg-c",
        "context_id": "ctx-100-1",
        "task_id": "",
        "message_id": "msg-c",
        "role": "ROLE_AGENT",
        "direction": "sent",
        "content": "authentication failed: 401 unauthorized invalid api key",
        "metadata": "",
        "llm_duration_ms_sum": 0,
        "tool_duration_ms_sum": 0,
        "total_processing_ms": 0,
        "duration_ms": 0,
        "timestamp_ms": "[timestamp_ms]",
        "activity_status": "Completed",
        "activity_outcome": "Success",
        "activity_kind": "message_turn"
      }
    ],
    "summary": {
      "count": 3,
      "failedCount": 0,
      "durationMsTotal": 0,
      "totalTokens": 0,
      "latencyHotspots": {
        "p95": 0.0,
        "p99": 0.0
      },
      "tokenHotspots": {
        "p95": 0.0,
        "p99": 0.0
      }
    },
    "hotspotGroups": [
      {
        "groupKey": "|",
        "groupValues": [
          null,
          null
        ],
        "groupDimensions": [
          "agent_id",
          "baml_prompt"
        ],
        "count": 3,
        "failed": 0,
        "failureRate": 0.0,
        "avgDurationMs": 0.0,
        "avgTotalTokens": 0.0
      }
    ],
    "truncated": false,
    "appliedCaps": {
      "page_size": 50,
      "max_page_size": 200,
      "top_k": 10
    }
  }
}
