---
source: crates/baml-rt-api/tests/api_test.rs
expression: snapshot
---
{
  "page1": {
    "status": 200,
    "body": {
      "resource": "llm_calls",
      "rows": [
        {
          "activity_id": "llm_call:ctx-100-1:msg-a:aaaaaaaa-aaaa-aaaa-aaaa-aaaaaaaaaaaa:0",
          "timestamp_ms": "[timestamp_ms]",
          "context_id": "ctx-100-1",
          "task_id": null,
          "message_id": "msg-a",
          "agent_id": "[uuid]",
          "provider": "openai",
          "model": "gpt-4o-mini",
          "baml_prompt": "SummarizePrompt",
          "duration_ms": 181,
          "prompt_tokens": 10,
          "completion_tokens": 7,
          "total_tokens": 17,
          "llm_call": {
            "input": "hello with drift"
          },
          "llm_result": null,
          "activity_outcome": "Success",
          "drift": {
            "score": 0.6179999709,
            "severity": "warn",
            "mode": "audit",
            "warnThreshold": 0.5,
            "blockThreshold": 0.25,
            "intentTextPreview": "Create a task titled Research",
            "responseTextPreview": "Create task in list 901325431486"
          },
          "agent_package": "unknown",
          "agent_version": "unknown",
          "agent_display": "unknown/unknown",
          "activity_status": "Completed",
          "activity_kind": "llm_call"
        }
      ],
      "summary": {
        "count": 2,
        "failedCount": 1,
        "durationMsTotal": 831,
        "totalTokens": 42,
        "promptTokensTotal": 30,
        "completionTokensTotal": 12,
        "latencyHotspots": {
          "p95": 650.0,
          "p99": 650.0
        },
        "tokenHotspots": {
          "p95": 25.0,
          "p99": 25.0
        }
      },
      "hotspotGroups": [
        {
          "groupKey": "[uuid]",
          "groupValues": [
            "[uuid]"
          ],
          "groupDimensions": [
            "agent_id"
          ],
          "count": 1,
          "failed": 1,
          "failureRate": 1.0,
          "avgDurationMs": 650.0,
          "avgTotalTokens": 25.0
        },
        {
          "groupKey": "[uuid]",
          "groupValues": [
            "[uuid]"
          ],
          "groupDimensions": [
            "agent_id"
          ],
          "count": 1,
          "failed": 0,
          "failureRate": 0.0,
          "avgDurationMs": 181.0,
          "avgTotalTokens": 17.0
        }
      ],
      "nextCursor": "1",
      "truncated": true,
      "appliedCaps": {
        "page_size": 1,
        "max_page_size": 200,
        "top_k": 10
      }
    }
  },
  "page2": {
    "status": 200,
    "body": {
      "resource": "llm_calls",
      "rows": [
        {
          "activity_id": "llm_call:ctx-100-1:msg-b:bbbbbbbb-bbbb-bbbb-bbbb-bbbbbbbbbbbb:0",
          "timestamp_ms": "[timestamp_ms]",
          "context_id": "ctx-100-1",
          "task_id": null,
          "message_id": "msg-b",
          "agent_id": "[uuid]",
          "provider": "anthropic",
          "model": "claude-3-7-sonnet",
          "baml_prompt": "DraftPrompt",
          "duration_ms": 650,
          "prompt_tokens": 20,
          "completion_tokens": 5,
          "total_tokens": 25,
          "llm_call": {
            "input": "world"
          },
          "llm_result": null,
          "activity_outcome": "Failed",
          "agent_package": "unknown",
          "agent_version": "unknown",
          "agent_display": "unknown/unknown",
          "activity_status": "Completed",
          "failure_class": "baml_validation_error",
          "failure_evidence": "linked_prompt_rejected",
          "activity_kind": "llm_call"
        }
      ],
      "summary": {
        "count": 2,
        "failedCount": 1,
        "durationMsTotal": 831,
        "totalTokens": 42,
        "promptTokensTotal": 30,
        "completionTokensTotal": 12,
        "latencyHotspots": {
          "p95": 650.0,
          "p99": 650.0
        },
        "tokenHotspots": {
          "p95": 25.0,
          "p99": 25.0
        }
      },
      "hotspotGroups": [
        {
          "groupKey": "[uuid]",
          "groupValues": [
            "[uuid]"
          ],
          "groupDimensions": [
            "agent_id"
          ],
          "count": 1,
          "failed": 1,
          "failureRate": 1.0,
          "avgDurationMs": 650.0,
          "avgTotalTokens": 25.0
        },
        {
          "groupKey": "[uuid]",
          "groupValues": [
            "[uuid]"
          ],
          "groupDimensions": [
            "agent_id"
          ],
          "count": 1,
          "failed": 0,
          "failureRate": 0.0,
          "avgDurationMs": 181.0,
          "avgTotalTokens": 17.0
        }
      ],
      "truncated": true,
      "appliedCaps": {
        "page_size": 1,
        "max_page_size": 200,
        "top_k": 10
      }
    }
  }
}
