---
source: crates/baml-rt-api/tests/api_test.rs
expression: snapshot
---
{
  "filtered": {
    "status": 200,
    "body": {
      "resource": "llm_calls",
      "rows": [
        {
          "activity_id": "llm_call:ctx-100-1:msg-b:bbbbbbbb-bbbb-bbbb-bbbb-bbbbbbbbbbbb:0",
          "timestamp_ms": "[timestamp_ms]",
          "context_id": "ctx-100-1",
          "task_id": null,
          "message_id": "msg-b",
          "agent_id": "[uuid]",
          "provider": "anthropic",
          "model": "claude-3-7-sonnet",
          "baml_prompt": "DraftPrompt",
          "duration_ms": 650,
          "prompt_tokens": 20,
          "completion_tokens": 5,
          "total_tokens": 25,
          "llm_call": {
            "input": "world"
          },
          "llm_result": null,
          "activity_outcome": "Failed",
          "agent_package": "unknown",
          "agent_version": "unknown",
          "agent_display": "unknown/unknown",
          "activity_status": "Completed",
          "failure_class": "baml_validation_error",
          "failure_evidence": "linked_prompt_rejected",
          "activity_kind": "llm_call"
        }
      ],
      "summary": {
        "count": 1,
        "failedCount": 1,
        "durationMsTotal": 650,
        "totalTokens": 25,
        "promptTokensTotal": 20,
        "completionTokensTotal": 5,
        "latencyHotspots": {
          "p95": 650.0,
          "p99": 650.0
        },
        "tokenHotspots": {
          "p95": 25.0,
          "p99": 25.0
        }
      },
      "hotspotGroups": [
        {
          "groupKey": "bbbbbbbb-bbbb-bbbb-bbbb-bbbbbbbbbbbb|anthropic|claude-3-7-sonnet|DraftPrompt",
          "groupValues": [
            "[uuid]",
            "anthropic",
            "claude-3-7-sonnet",
            "DraftPrompt"
          ],
          "groupDimensions": [
            "agent_id",
            "provider",
            "model",
            "baml_prompt"
          ],
          "count": 1,
          "failed": 1,
          "failureRate": 1.0,
          "avgDurationMs": 650.0,
          "avgTotalTokens": 25.0
        }
      ],
      "truncated": false,
      "appliedCaps": {
        "page_size": 50,
        "max_page_size": 200,
        "top_k": 10
      }
    }
  },
  "drilldown": {
    "status": 200,
    "body": {
      "resource": "llm_calls",
      "rows": [
        {
          "activity_id": "llm_call:ctx-100-1:msg-b:bbbbbbbb-bbbb-bbbb-bbbb-bbbbbbbbbbbb:0",
          "timestamp_ms": "[timestamp_ms]",
          "context_id": "ctx-100-1",
          "task_id": null,
          "message_id": "msg-b",
          "agent_id": "[uuid]",
          "provider": "anthropic",
          "model": "claude-3-7-sonnet",
          "baml_prompt": "DraftPrompt",
          "duration_ms": 650,
          "prompt_tokens": 20,
          "completion_tokens": 5,
          "total_tokens": 25,
          "llm_call": {
            "input": "world"
          },
          "llm_result": null,
          "activity_outcome": "Failed",
          "agent_package": "unknown",
          "agent_version": "unknown",
          "agent_display": "unknown/unknown",
          "activity_status": "Completed",
          "failure_class": "baml_validation_error",
          "failure_evidence": "linked_prompt_rejected",
          "activity_kind": "llm_call"
        }
      ],
      "summary": {
        "count": 1,
        "failedCount": 1,
        "durationMsTotal": 650,
        "totalTokens": 25,
        "promptTokensTotal": 20,
        "completionTokensTotal": 5,
        "latencyHotspots": {
          "p95": 650.0,
          "p99": 650.0
        },
        "tokenHotspots": {
          "p95": 25.0,
          "p99": 25.0
        }
      },
      "hotspotGroups": [
        {
          "groupKey": "[uuid]",
          "groupValues": [
            "[uuid]"
          ],
          "groupDimensions": [
            "agent_id"
          ],
          "count": 1,
          "failed": 1,
          "failureRate": 1.0,
          "avgDurationMs": 650.0,
          "avgTotalTokens": 25.0
        }
      ],
      "truncated": false,
      "appliedCaps": {
        "page_size": 5,
        "max_page_size": 200,
        "top_k": 10
      }
    }
  }
}
