---
source: crates/baml-rt-api/tests/api_test.rs
expression: snapshot
---
{
  "status": 200,
  "body": {
    "items": [
      {
        "contextId": "ctx-1",
        "latestTimestampMs": 20,
        "preview": "first user message"
      }
    ],
    "nextCursor": "[conversation_history_cursor]"
  }
}
