---
source: crates/baml-rt-api/tests/api_test.rs
expression: snapshot
---
{
  "status": 200,
  "body": {
    "openapi": "3.1.0",
    "info": {
      "title": "utoipa-axum",
      "description": "Utoipa's axum bindings for seamless integration for the two",
      "contact": {
        "name": "Juha Kukkonen",
        "email": "juha7kukkonen@gmail.com"
      },
      "license": {
        "name": "MIT OR Apache-2.0",
        "identifier": "MIT OR Apache-2.0"
      },
      "version": "0.2.0"
    },
    "paths": {
      "/agents": {
        "get": {
          "tags": [
            "agents"
          ],
          "summary": "List running agents (GET /agents).",
          "operationId": "list_agents",
          "responses": {
            "200": {
              "description": "List of running agents",
              "content": {
                "application/json": {
                  "schema": {
                    "type": "array",
                    "items": {
                      "$ref": "#/components/schemas/AgentDiscoveryEntryDto"
                    }
                  }
                }
              }
            }
          }
        }
      },
      "/agents/{agent_package}/{agent_instance_id}/a2a/sse": {
        "post": {
          "tags": [
            "agents"
          ],
          "summary": "A2A over Server-Sent Events: POST /agents/{agent_package}/{agent_instance_id}/a2a/sse\nRequest body: JSON-RPC request. Response: Content-Type: text/event-stream; each event's\n`data` is one JSON-RPC response. Keep-alive comments sent on interval while stream is open.",
          "operationId": "post_a2a_sse",
          "parameters": [
            {
              "name": "agent_package",
              "in": "path",
              "description": "Agent package identifier",
              "required": true,
              "schema": {
                "type": "string"
              }
            },
            {
              "name": "agent_instance_id",
              "in": "path",
              "description": "Agent instance identifier",
              "required": true,
              "schema": {
                "type": "string"
              }
            }
          ],
          "requestBody": {
            "content": {
              "application/json": {
                "schema": {}
              }
            },
            "required": true
          },
          "responses": {
            "200": {
              "description": "SSE stream of JSON-RPC responses",
              "content": {
                "text/event-stream": {}
              }
            },
            "400": {
              "description": "Malformed request"
            },
            "404": {
              "description": "Agent not found"
            },
            "500": {
              "description": "Internal error"
            }
          }
        }
      },
      "/mermaid/context/{context_id}": {
        "get": {
          "tags": [
            "mermaid"
          ],
          "summary": "Mermaid diagram by context",
          "description": "Returns the provenance subgraph for the given A2A context ID as a Mermaid sequenceDiagram (text/plain). Available when the runner is started with GraphQLite provenance.",
          "operationId": "get_mermaid_context",
          "parameters": [
            {
              "name": "context_id",
              "in": "path",
              "description": "A2A context ID",
              "required": true,
              "schema": {
                "type": "string"
              }
            }
          ],
          "responses": {
            "200": {
              "description": "Mermaid sequenceDiagram",
              "content": {
                "text/plain": {}
              }
            },
            "404": {
              "description": "No graph found for context"
            },
            "500": {
              "description": "Internal error"
            },
            "501": {
              "description": "Mermaid service not available (provenance not configured)"
            }
          }
        }
      },
      "/mermaid/task/{task_id}": {
        "get": {
          "tags": [
            "mermaid"
          ],
          "summary": "Mermaid diagram by task",
          "description": "Returns the provenance subgraph for the given A2A task ID as a Mermaid sequenceDiagram (text/plain). Available when the runner is started with GraphQLite provenance.",
          "operationId": "get_mermaid_task",
          "parameters": [
            {
              "name": "task_id",
              "in": "path",
              "description": "A2A task ID",
              "required": true,
              "schema": {
                "type": "string"
              }
            }
          ],
          "responses": {
            "200": {
              "description": "Mermaid sequenceDiagram",
              "content": {
                "text/plain": {}
              }
            },
            "404": {
              "description": "No graph found for task"
            },
            "500": {
              "description": "Internal error"
            },
            "501": {
              "description": "Mermaid service not available (provenance not configured)"
            }
          }
        }
      }
    },
    "components": {
      "schemas": {
        "AgentCardDto": {
          "type": "object",
          "description": "Cut-down agent card (included in every GET /agents item).",
          "required": [
            "name",
            "version",
            "agent_package",
            "agent_instance_id",
            "tools",
            "capabilities"
          ],
          "properties": {
            "agent_instance_id": {
              "type": "string"
            },
            "agent_package": {
              "type": "string"
            },
            "capabilities": {
              "type": "array",
              "items": {
                "type": "string"
              }
            },
            "description": {
              "type": [
                "string",
                "null"
              ]
            },
            "name": {
              "type": "string"
            },
            "tools": {
              "type": "array",
              "items": {
                "type": "string"
              }
            },
            "version": {
              "type": "string"
            }
          }
        },
        "AgentDiscoveryEntryDto": {
          "type": "object",
          "description": "Discovery entry for one running agent (GET /agents response item).",
          "required": [
            "agent_package",
            "agent_instance_id",
            "name",
            "version",
            "agent_card"
          ],
          "properties": {
            "agent_card": {
              "$ref": "#/components/schemas/AgentCardDto",
              "description": "Agent card (cut-down shape) for discovery."
            },
            "agent_instance_id": {
              "type": "string"
            },
            "agent_package": {
              "type": "string"
            },
            "name": {
              "type": "string"
            },
            "version": {
              "type": "string"
            }
          }
        }
      }
    },
    "tags": [
      {
        "name": "agents",
        "description": "Agent discovery and A2A JSON-RPC"
      },
      {
        "name": "mermaid",
        "description": "Provenance graph as Mermaid sequence diagrams (when GraphQLite is enabled)"
      }
    ]
  }
}
