---
source: crates/baml-rt-api/tests/api_test.rs
expression: snapshot
---
{
  "status": 200,
  "body": {
    "openapi": "3.1.0",
    "info": {
      "title": "utoipa-axum",
      "description": "Utoipa's axum bindings for seamless integration for the two",
      "contact": {
        "name": "Juha Kukkonen",
        "email": "juha7kukkonen@gmail.com"
      },
      "license": {
        "name": "MIT OR Apache-2.0",
        "identifier": "MIT OR Apache-2.0"
      },
      "version": "0.2.0"
    },
    "paths": {
      "/agents": {
        "get": {
          "tags": [
            "agents"
          ],
          "summary": "List running agents (GET /agents).",
          "operationId": "list_agents",
          "responses": {
            "200": {
              "description": "List of running agents",
              "content": {
                "application/json": {
                  "schema": {
                    "type": "array",
                    "items": {
                      "$ref": "#/components/schemas/AgentDiscoveryEntryDto"
                    }
                  }
                }
              }
            }
          }
        }
      },
      "/agents/{agent_package}/{agent_instance_id}/a2a": {
        "post": {
          "tags": [
            "agents"
          ],
          "summary": "Forward A2A JSON-RPC request (POST /agents/{agent_package}/{agent_instance_id}/a2a).",
          "description": "Streams **SSE** (`text/event-stream`): each event `data:` line is one JSON-RPC 2.0 response object (same objects as the historical buffered JSON array).\n\nUnauthenticated at the application layer. Cluster isolation relies on\nnetwork policy (K8s NetworkPolicy / service mesh); external client auth\nbelongs at the ingress. Control-plane endpoints are protected by `ClusterAuthLayer`.",
          "operationId": "post_a2a",
          "parameters": [
            {
              "name": "agent_package",
              "in": "path",
              "description": "Agent package identifier (e.g. manifest name)",
              "required": true,
              "schema": {
                "type": "string"
              }
            },
            {
              "name": "agent_instance_id",
              "in": "path",
              "description": "Agent instance identifier",
              "required": true,
              "schema": {
                "type": "string"
              }
            }
          ],
          "requestBody": {
            "content": {
              "application/json": {
                "schema": {}
              }
            },
            "required": true
          },
          "responses": {
            "200": {
              "description": "SSE stream of JSON-RPC responses",
              "content": {
                "text/event-stream": {}
              }
            },
            "400": {
              "description": "Malformed request"
            },
            "404": {
              "description": "Agent not found"
            },
            "500": {
              "description": "Internal error"
            }
          }
        }
      },
      "/agents/{agent_package}/{agent_instance_id}/dispatch": {
        "post": {
          "tags": [
            "agents"
          ],
          "summary": "Deterministic host-to-agent delivery: POST /agents/{agent_package}/{agent_instance_id}/dispatch",
          "operationId": "post_dispatch",
          "parameters": [
            {
              "name": "agent_package",
              "in": "path",
              "description": "Agent package name",
              "required": true,
              "schema": {
                "type": "string"
              }
            },
            {
              "name": "agent_instance_id",
              "in": "path",
              "description": "Agent instance ID",
              "required": true,
              "schema": {
                "type": "string"
              }
            }
          ],
          "requestBody": {
            "content": {
              "application/json": {
                "schema": {
                  "$ref": "#/components/schemas/AgentDispatchRequestDto"
                }
              }
            },
            "required": true
          },
          "responses": {
            "200": {
              "description": "Delivery accepted",
              "content": {
                "application/json": {
                  "schema": {
                    "$ref": "#/components/schemas/AgentDispatchAckDto"
                  }
                }
              }
            },
            "400": {
              "description": "Bad request (validation failed)"
            },
            "404": {
              "description": "Agent not found"
            }
          }
        }
      },
      "/config": {
        "get": {
          "tags": [
            "config"
          ],
          "summary": "List bundles with config schema and whether each has stored config (GET /config).",
          "operationId": "list_config",
          "responses": {
            "200": {
              "description": "List of bundles with config schema",
              "content": {
                "application/json": {
                  "schema": {
                    "type": "array",
                    "items": {
                      "$ref": "#/components/schemas/ToolConfigSchemaDto"
                    }
                  }
                }
              }
            },
            "401": {
              "description": "Missing or invalid runner token"
            },
            "503": {
              "description": "Config service not available"
            }
          },
          "security": [
            {
              "RunnerToken": []
            }
          ]
        }
      },
      "/config/secrets-overview": {
        "get": {
          "tags": [
            "config"
          ],
          "summary": "List all required secrets with M:N consumers: tools and LLM clients (GET /config/secrets-overview).",
          "operationId": "list_secrets_overview",
          "responses": {
            "200": {
              "description": "Secrets and their tool/LLM consumers",
              "content": {
                "application/json": {
                  "schema": {
                    "type": "array",
                    "items": {
                      "$ref": "#/components/schemas/SecretOverviewEntryDto"
                    }
                  }
                }
              }
            },
            "401": {
              "description": "Missing or invalid runner token"
            },
            "503": {
              "description": "Tool catalog not available"
            }
          },
          "security": [
            {
              "RunnerToken": []
            }
          ]
        }
      },
      "/config/secrets/store-keys": {
        "get": {
          "tags": [
            "config"
          ],
          "summary": "List keys in the secret store that have a value (for link dropdown). Returns only keys that the backend (e.g. fnox) actually resolved — not secret request names from the overview. M:N: each secret request is linked to one of these store keys.",
          "operationId": "list_store_keys",
          "responses": {
            "200": {
              "description": "Store key names that can be used as link_from",
              "content": {
                "application/json": {
                  "schema": {
                    "type": "array",
                    "items": {
                      "type": "string"
                    }
                  }
                }
              }
            },
            "401": {
              "description": "Missing or invalid runner token"
            }
          },
          "security": [
            {
              "RunnerToken": []
            }
          ]
        }
      },
      "/config/secrets/{name}": {
        "put": {
          "tags": [
            "config"
          ],
          "summary": "Link a secret by name (PUT /config/secrets/{name}).\nCopies the value of `link_from` from the secret store (fnox) into the runtime overlay for `name`. No raw values accepted.",
          "operationId": "put_secret",
          "parameters": [
            {
              "name": "name",
              "in": "path",
              "description": "Secret key to link (e.g. NOTION_API_TOKEN)",
              "required": true,
              "schema": {
                "type": "string"
              }
            }
          ],
          "requestBody": {
            "content": {
              "application/json": {
                "schema": {
                  "$ref": "#/components/schemas/ProvisionSecretDto"
                }
              }
            },
            "required": true
          },
          "responses": {
            "204": {
              "description": "Secret linked"
            },
            "400": {
              "description": "Invalid name or link_from has no value in store"
            },
            "401": {
              "description": "Missing or invalid runner token"
            },
            "501": {
              "description": "Runtime secret store not available (add keys to fnox and restart)"
            }
          },
          "security": [
            {
              "RunnerToken": []
            }
          ]
        },
        "delete": {
          "tags": [
            "config"
          ],
          "summary": "Unlink a secret (DELETE /config/secrets/{name}).\nRemoves the key from the runtime overlay; resolution then falls back to the secret store (fnox). Returns 501 when store not available.",
          "operationId": "delete_secret",
          "parameters": [
            {
              "name": "name",
              "in": "path",
              "description": "Secret key to unlink (e.g. NOTION_API_TOKEN)",
              "required": true,
              "schema": {
                "type": "string"
              }
            }
          ],
          "responses": {
            "204": {
              "description": "Secret unlinked"
            },
            "400": {
              "description": "Invalid name"
            },
            "401": {
              "description": "Missing or invalid runner token"
            },
            "501": {
              "description": "Runtime secret store not available"
            }
          },
          "security": [
            {
              "RunnerToken": []
            }
          ]
        }
      },
      "/config/{bundle_name}": {
        "get": {
          "tags": [
            "config"
          ],
          "summary": "Get config schema + current config for a bundle (GET /config/{bundle_name}).",
          "operationId": "get_config",
          "parameters": [
            {
              "name": "bundle_name",
              "in": "path",
              "description": "Bundle name (e.g. llm or a tool bundle that has config)",
              "required": true,
              "schema": {
                "type": "string"
              }
            }
          ],
          "responses": {
            "200": {
              "description": "Config schema and current config",
              "content": {
                "application/json": {
                  "schema": {
                    "$ref": "#/components/schemas/ToolConfigDto"
                  }
                }
              }
            },
            "401": {
              "description": "Missing or invalid runner token"
            },
            "404": {
              "description": "Bundle not found or has no config schema"
            },
            "503": {
              "description": "Config service not available"
            }
          },
          "security": [
            {
              "RunnerToken": []
            }
          ]
        },
        "put": {
          "tags": [
            "config"
          ],
          "summary": "Create or update config (PUT /config/{bundle_name}).\nRequest body shape is defined by the bundle's config schema (GET /config/{bundle_name} returns it).\nSend `If-Match: <version>` to enable optimistic concurrency; returns 409 if stale.",
          "operationId": "put_config",
          "parameters": [
            {
              "name": "bundle_name",
              "in": "path",
              "description": "Bundle name (e.g. llm or a tool bundle that has config)",
              "required": true,
              "schema": {
                "type": "string"
              }
            }
          ],
          "requestBody": {
            "description": "Config JSON (must match bundle schema from GET /config/{bundle_name})",
            "content": {
              "application/json": {
                "schema": {}
              }
            },
            "required": true
          },
          "responses": {
            "200": {
              "description": "Config updated",
              "content": {
                "application/json": {
                  "schema": {
                    "$ref": "#/components/schemas/ConfigVersionDto"
                  }
                }
              }
            },
            "400": {
              "description": "Invalid config"
            },
            "401": {
              "description": "Missing or invalid runner token"
            },
            "404": {
              "description": "Bundle not found"
            },
            "409": {
              "description": "Version conflict (stale If-Match)"
            },
            "503": {
              "description": "Config service not available"
            }
          },
          "security": [
            {
              "RunnerToken": []
            }
          ]
        },
        "delete": {
          "tags": [
            "config"
          ],
          "summary": "Remove stored config (DELETE /config/{bundle_name}).",
          "operationId": "delete_config",
          "parameters": [
            {
              "name": "bundle_name",
              "in": "path",
              "description": "Bundle name (e.g. llm or a tool bundle that has config)",
              "required": true,
              "schema": {
                "type": "string"
              }
            }
          ],
          "responses": {
            "204": {
              "description": "Config removed"
            },
            "401": {
              "description": "Missing or invalid runner token"
            },
            "404": {
              "description": "Bundle not found"
            },
            "503": {
              "description": "Config service not available"
            }
          },
          "security": [
            {
              "RunnerToken": []
            }
          ]
        }
      },
      "/config/{bundle_name}/versions": {
        "get": {
          "tags": [
            "config"
          ],
          "summary": "List version history (GET /config/{bundle_name}/versions).",
          "operationId": "list_config_versions",
          "parameters": [
            {
              "name": "bundle_name",
              "in": "path",
              "description": "Bundle name (e.g. llm or a tool bundle that has config)",
              "required": true,
              "schema": {
                "type": "string"
              }
            }
          ],
          "responses": {
            "200": {
              "description": "Version history",
              "content": {
                "application/json": {
                  "schema": {
                    "type": "array",
                    "items": {
                      "$ref": "#/components/schemas/ConfigVersionDto"
                    }
                  }
                }
              }
            },
            "401": {
              "description": "Missing or invalid runner token"
            },
            "404": {
              "description": "Bundle not found"
            },
            "503": {
              "description": "Config service not available"
            }
          },
          "security": [
            {
              "RunnerToken": []
            }
          ]
        }
      },
      "/config/{bundle_name}/versions/{version}": {
        "get": {
          "tags": [
            "config"
          ],
          "summary": "Get config at specific version (GET /config/{bundle_name}/versions/{version}).",
          "operationId": "get_config_version",
          "parameters": [
            {
              "name": "bundle_name",
              "in": "path",
              "description": "Bundle name (e.g. llm or a tool bundle that has config)",
              "required": true,
              "schema": {
                "type": "string"
              }
            },
            {
              "name": "version",
              "in": "path",
              "description": "Version number",
              "required": true,
              "schema": {
                "type": "integer",
                "format": "int64",
                "minimum": 0
              }
            }
          ],
          "responses": {
            "200": {
              "description": "Config at version",
              "content": {
                "application/json": {
                  "schema": {
                    "$ref": "#/components/schemas/ConfigVersionDto"
                  }
                }
              }
            },
            "401": {
              "description": "Missing or invalid runner token"
            },
            "404": {
              "description": "Bundle or version not found"
            },
            "503": {
              "description": "Config service not available"
            }
          },
          "security": [
            {
              "RunnerToken": []
            }
          ]
        }
      },
      "/config/{tool_name}/secret-requests": {
        "get": {
          "tags": [
            "config"
          ],
          "summary": "List secret requests for a tool (GET /config/{tool_name}/secret-requests).",
          "operationId": "list_secret_requests",
          "parameters": [
            {
              "name": "tool_name",
              "in": "path",
              "description": "Tool name (bundle/local)",
              "required": true,
              "schema": {
                "type": "string"
              }
            }
          ],
          "responses": {
            "200": {
              "description": "Secret requests",
              "content": {
                "application/json": {
                  "schema": {
                    "type": "array",
                    "items": {
                      "$ref": "#/components/schemas/SecretRequestDto"
                    }
                  }
                }
              }
            },
            "401": {
              "description": "Missing or invalid runner token"
            },
            "404": {
              "description": "Tool not found"
            },
            "503": {
              "description": "Tool catalog not available"
            }
          },
          "security": [
            {
              "RunnerToken": []
            }
          ]
        }
      },
      "/contexts": {
        "get": {
          "tags": [
            "provenance"
          ],
          "summary": "Context picker index",
          "description": "Typed context index for chat history selection. This is the product workflow source for context-scoped restore.",
          "operationId": "get_context_index",
          "parameters": [
            {
              "name": "agentPackage",
              "in": "query",
              "description": "Optional agent package filter",
              "required": false,
              "schema": {
                "type": "string"
              }
            },
            {
              "name": "limit",
              "in": "query",
              "description": "Page size in range [1, 200], default 50",
              "required": false,
              "schema": {
                "type": "integer",
                "format": "int32",
                "minimum": 0
              }
            },
            {
              "name": "cursor",
              "in": "query",
              "description": "Opaque pagination cursor",
              "required": false,
              "schema": {
                "type": "string"
              }
            }
          ],
          "responses": {
            "200": {
              "description": "Context picker page",
              "content": {
                "application/json": {
                  "schema": {
                    "$ref": "#/components/schemas/ContextPickerPageDto"
                  }
                }
              }
            },
            "400": {
              "description": "Invalid query/cursor"
            },
            "500": {
              "description": "Internal error"
            },
            "501": {
              "description": "Context index service not configured"
            }
          }
        }
      },
      "/contexts/{context_id}/conversation-history": {
        "get": {
          "tags": [
            "provenance"
          ],
          "summary": "Conversation history page by context_id",
          "operationId": "get_conversation_history",
          "parameters": [
            {
              "name": "context_id",
              "in": "path",
              "description": "Provenance context ID",
              "required": true,
              "schema": {
                "type": "string"
              }
            },
            {
              "name": "taskId",
              "in": "query",
              "description": "Optional task scope",
              "required": false,
              "schema": {
                "type": "string"
              }
            },
            {
              "name": "limit",
              "in": "query",
              "description": "Page size in range [1, 500], default 100",
              "required": false,
              "schema": {
                "type": "integer",
                "format": "int32",
                "minimum": 0
              }
            },
            {
              "name": "cursor",
              "in": "query",
              "description": "Opaque pagination cursor",
              "required": false,
              "schema": {
                "type": "string"
              }
            },
            {
              "name": "profile",
              "in": "query",
              "description": "Payload profile: full or compact",
              "required": false,
              "schema": {
                "type": "string"
              }
            },
            {
              "name": "format",
              "in": "query",
              "description": "Response format: full",
              "required": false,
              "schema": {
                "type": "string"
              }
            }
          ],
          "responses": {
            "200": {
              "description": "Conversation history page",
              "content": {
                "application/json": {
                  "schema": {
                    "$ref": "#/components/schemas/ConversationHistoryPageDto"
                  }
                }
              }
            },
            "400": {
              "description": "Invalid context/query/cursor"
            },
            "500": {
              "description": "Internal error"
            },
            "501": {
              "description": "Conversation history service not configured"
            }
          }
        }
      },
      "/contexts/{context_id}/conversation-history/stream": {
        "get": {
          "tags": [
            "provenance"
          ],
          "summary": "Streaming conversation history updates by context_id",
          "description": "Event source is provenance-normalized reads, not A2A stream relays.",
          "operationId": "get_conversation_history_stream",
          "parameters": [
            {
              "name": "context_id",
              "in": "path",
              "description": "Provenance context ID",
              "required": true,
              "schema": {
                "type": "string"
              }
            },
            {
              "name": "taskId",
              "in": "query",
              "description": "Optional task scope",
              "required": false,
              "schema": {
                "type": "string"
              }
            },
            {
              "name": "limit",
              "in": "query",
              "description": "Page size in range [1, 500], default 100",
              "required": false,
              "schema": {
                "type": "integer",
                "format": "int32",
                "minimum": 0
              }
            },
            {
              "name": "cursor",
              "in": "query",
              "description": "Opaque pagination cursor",
              "required": false,
              "schema": {
                "type": "string"
              }
            },
            {
              "name": "profile",
              "in": "query",
              "description": "Payload profile: full or compact",
              "required": false,
              "schema": {
                "type": "string"
              }
            },
            {
              "name": "format",
              "in": "query",
              "description": "Response format: full",
              "required": false,
              "schema": {
                "type": "string"
              }
            }
          ],
          "responses": {
            "200": {
              "description": "SSE stream of conversation history snapshots",
              "content": {
                "text/event-stream": {}
              }
            },
            "400": {
              "description": "Invalid context/query/cursor"
            },
            "500": {
              "description": "Internal error"
            },
            "501": {
              "description": "Conversation history service not configured"
            }
          }
        }
      },
      "/contexts/{context_id}/mermaid": {
        "get": {
          "tags": [
            "mermaid"
          ],
          "summary": "Mermaid diagram by context",
          "description": "Returns the provenance subgraph for the given A2A context ID as a Mermaid sequenceDiagram (text/plain). Available when the runner is started with SurrealDB provenance.",
          "operationId": "get_mermaid_context",
          "parameters": [
            {
              "name": "context_id",
              "in": "path",
              "description": "A2A context ID",
              "required": true,
              "schema": {
                "type": "string"
              }
            }
          ],
          "responses": {
            "200": {
              "description": "Mermaid sequenceDiagram",
              "content": {
                "text/plain": {}
              }
            },
            "404": {
              "description": "No graph found for context"
            },
            "500": {
              "description": "Internal error"
            },
            "501": {
              "description": "Mermaid service not available (provenance not configured)"
            }
          }
        }
      },
      "/contexts/{context_id}/metrics": {
        "get": {
          "tags": [
            "provenance"
          ],
          "summary": "Context metrics by context_id",
          "description": "Returns turn-level and session-level token/call/duration metrics for the given A2A context ID. Available when SurrealDB-backed provenance is configured.",
          "operationId": "get_context_metrics",
          "parameters": [
            {
              "name": "context_id",
              "in": "path",
              "description": "A2A context ID",
              "required": true,
              "schema": {
                "type": "string"
              }
            }
          ],
          "responses": {
            "200": {
              "description": "Context metrics",
              "content": {
                "application/json": {
                  "schema": {
                    "$ref": "#/components/schemas/ContextMetricsResponseDto"
                  }
                }
              }
            },
            "404": {
              "description": "No metrics found for context"
            },
            "500": {
              "description": "Internal error"
            },
            "501": {
              "description": "Metrics service not available (provenance not configured)"
            }
          }
        }
      },
      "/contexts/{context_id}/planning": {
        "get": {
          "tags": [
            "provenance"
          ],
          "summary": "Get context-scoped planning state (intent/plan/step progress) from provenance.",
          "operationId": "get_context_planning",
          "parameters": [
            {
              "name": "context_id",
              "in": "path",
              "description": "A2A context id",
              "required": true,
              "schema": {
                "type": "string"
              }
            }
          ],
          "responses": {
            "200": {
              "description": "Context planning snapshot (`tasks` empty when no provenance messages exist for this context)",
              "content": {
                "application/json": {
                  "schema": {}
                }
              }
            },
            "404": {
              "description": "No planning data found for context"
            },
            "500": {
              "description": "Internal error"
            },
            "501": {
              "description": "Planning service unavailable"
            }
          }
        }
      },
      "/control/migrate": {
        "post": {
          "tags": [
            "control"
          ],
          "summary": "Migrate an agent from this runner to a target runner.",
          "description": "Drains the agent locally (waits for in-flight turns), then tells the target\nrunner to deploy the same content hash.",
          "operationId": "post_migrate",
          "requestBody": {
            "content": {
              "application/json": {
                "schema": {
                  "$ref": "#/components/schemas/MigrateRequestDto"
                }
              }
            },
            "required": true
          },
          "responses": {
            "200": {
              "description": "Agent migrated successfully",
              "content": {
                "application/json": {
                  "schema": {
                    "$ref": "#/components/schemas/MigrateResponseDto"
                  }
                }
              }
            },
            "400": {
              "description": "Invalid request"
            },
            "401": {
              "description": "Missing or invalid runner token"
            },
            "404": {
              "description": "Agent not found locally"
            },
            "501": {
              "description": "Deployment manager not configured"
            },
            "502": {
              "description": "Target runner unreachable"
            }
          },
          "security": [
            {
              "RunnerToken": []
            }
          ]
        }
      },
      "/deploy": {
        "post": {
          "tags": [
            "deployments"
          ],
          "summary": "Deploy an agent by content hash or name/version.",
          "operationId": "post_deploy",
          "requestBody": {
            "content": {
              "application/json": {
                "schema": {
                  "$ref": "#/components/schemas/DeployRequestDto"
                }
              }
            },
            "required": true
          },
          "responses": {
            "200": {
              "description": "Deployment accepted",
              "content": {
                "application/json": {
                  "schema": {
                    "$ref": "#/components/schemas/DeployResponseDto"
                  }
                }
              }
            },
            "400": {
              "description": "Invalid deploy payload"
            },
            "401": {
              "description": "Missing or invalid runner token"
            },
            "404": {
              "description": "Hash or version target not found"
            },
            "409": {
              "description": "Deployment conflict"
            },
            "500": {
              "description": "Internal error"
            },
            "501": {
              "description": "Deployment manager not configured"
            }
          },
          "security": [
            {
              "RunnerToken": []
            }
          ]
        }
      },
      "/deployments": {
        "get": {
          "tags": [
            "deployments"
          ],
          "summary": "List runner-local deployment records.",
          "operationId": "get_deployments",
          "responses": {
            "200": {
              "description": "Deployment records",
              "content": {
                "application/json": {
                  "schema": {
                    "type": "array",
                    "items": {
                      "$ref": "#/components/schemas/DeploymentRecordDto"
                    }
                  }
                }
              }
            },
            "401": {
              "description": "Missing or invalid runner token"
            },
            "500": {
              "description": "Internal error"
            },
            "501": {
              "description": "Deployment manager not configured"
            }
          },
          "security": [
            {
              "RunnerToken": []
            }
          ]
        }
      },
      "/provenance/aggregates": {
        "get": {
          "tags": [
            "provenance"
          ],
          "operationId": "get_provenance_aggregates",
          "responses": {
            "200": {
              "description": "Provenance aggregate query response",
              "content": {
                "application/json": {
                  "schema": {}
                }
              }
            }
          }
        }
      },
      "/provenance/lifecycle-events": {
        "get": {
          "tags": [
            "provenance"
          ],
          "summary": "Query lifecycle events (agent boot/stop) from provenance.",
          "operationId": "get_provenance_lifecycle_events",
          "responses": {
            "200": {
              "description": "Provenance lifecycle events query response",
              "content": {
                "application/json": {
                  "schema": {}
                }
              }
            }
          }
        }
      },
      "/provenance/llm-calls": {
        "get": {
          "tags": [
            "provenance"
          ],
          "operationId": "get_provenance_llm_calls",
          "responses": {
            "200": {
              "description": "Provenance LLM calls query response",
              "content": {
                "application/json": {
                  "schema": {}
                }
              }
            }
          }
        }
      },
      "/provenance/messages": {
        "get": {
          "tags": [
            "provenance"
          ],
          "summary": "Message analytics query (not transcript reconstruction)",
          "description": "Analytics-only message aggregates/dimensions. For UI chat/provenance observation, use GET /contexts/{context_id}/conversation-history and /contexts/{context_id}/conversation-history/stream.",
          "operationId": "get_provenance_messages",
          "responses": {
            "200": {
              "description": "Provenance message query response",
              "content": {
                "application/json": {
                  "schema": {}
                }
              }
            }
          }
        }
      },
      "/provenance/tool-calls": {
        "get": {
          "tags": [
            "provenance"
          ],
          "operationId": "get_provenance_tool_calls",
          "responses": {
            "200": {
              "description": "Provenance tool calls query response",
              "content": {
                "application/json": {
                  "schema": {}
                }
              }
            }
          }
        }
      },
      "/tasks/{task_id}/episode": {
        "get": {
          "tags": [
            "provenance"
          ],
          "summary": "Episode snapshot by task_id",
          "operationId": "get_episode",
          "parameters": [
            {
              "name": "task_id",
              "in": "path",
              "description": "A2A task ID",
              "required": true,
              "schema": {
                "type": "string"
              }
            }
          ],
          "responses": {
            "200": {
              "description": "Episode snapshot",
              "content": {
                "application/json": {
                  "schema": {
                    "$ref": "#/components/schemas/EpisodeSnapshotDto"
                  }
                }
              }
            },
            "404": {
              "description": "No episode found for task"
            },
            "500": {
              "description": "Internal error"
            },
            "501": {
              "description": "Episode service not available"
            }
          }
        }
      },
      "/tasks/{task_id}/episode/stream": {
        "get": {
          "tags": [
            "provenance"
          ],
          "summary": "Streaming episode updates by task_id",
          "operationId": "get_episode_stream",
          "parameters": [
            {
              "name": "task_id",
              "in": "path",
              "description": "A2A task ID",
              "required": true,
              "schema": {
                "type": "string"
              }
            }
          ],
          "responses": {
            "200": {
              "description": "SSE stream of episode snapshots",
              "content": {
                "text/event-stream": {}
              }
            },
            "404": {
              "description": "No episode found for task"
            },
            "500": {
              "description": "Internal error"
            },
            "501": {
              "description": "Episode service not available"
            }
          }
        }
      },
      "/tasks/{task_id}/episode/text": {
        "get": {
          "tags": [
            "provenance"
          ],
          "summary": "Episode as canonical plain text",
          "operationId": "get_episode_text",
          "parameters": [
            {
              "name": "task_id",
              "in": "path",
              "description": "A2A task ID",
              "required": true,
              "schema": {
                "type": "string"
              }
            }
          ],
          "responses": {
            "200": {
              "description": "Episode plain text",
              "content": {
                "text/plain": {}
              }
            },
            "404": {
              "description": "No episode found for task"
            },
            "500": {
              "description": "Internal error"
            },
            "501": {
              "description": "Episode service not available"
            }
          }
        }
      },
      "/tasks/{task_id}/mermaid": {
        "get": {
          "tags": [
            "mermaid"
          ],
          "summary": "Mermaid diagram by task",
          "description": "Returns the provenance subgraph for the given A2A task ID as a Mermaid sequenceDiagram (text/plain). Available when the runner is started with SurrealDB provenance.",
          "operationId": "get_mermaid_task",
          "parameters": [
            {
              "name": "task_id",
              "in": "path",
              "description": "A2A task ID",
              "required": true,
              "schema": {
                "type": "string"
              }
            }
          ],
          "responses": {
            "200": {
              "description": "Mermaid sequenceDiagram",
              "content": {
                "text/plain": {}
              }
            },
            "404": {
              "description": "No graph found for task"
            },
            "500": {
              "description": "Internal error"
            },
            "501": {
              "description": "Mermaid service not available (provenance not configured)"
            }
          }
        }
      },
      "/undeploy": {
        "post": {
          "tags": [
            "deployments"
          ],
          "summary": "Undeploy an active deployment by content hash.",
          "operationId": "post_undeploy",
          "requestBody": {
            "content": {
              "application/json": {
                "schema": {
                  "$ref": "#/components/schemas/UndeployRequestDto"
                }
              }
            },
            "required": true
          },
          "responses": {
            "200": {
              "description": "Undeploy accepted",
              "content": {
                "application/json": {
                  "schema": {
                    "$ref": "#/components/schemas/UndeployResponseDto"
                  }
                }
              }
            },
            "400": {
              "description": "Invalid undeploy payload"
            },
            "401": {
              "description": "Missing or invalid runner token"
            },
            "404": {
              "description": "Deployment not found"
            },
            "500": {
              "description": "Internal error"
            },
            "501": {
              "description": "Deployment manager not configured"
            }
          },
          "security": [
            {
              "RunnerToken": []
            }
          ]
        }
      }
    },
    "components": {
      "schemas": {
        "AgentCardDto": {
          "type": "object",
          "description": "Cut-down agent card (included in every GET /agents item).",
          "required": [
            "name",
            "version",
            "agent_package",
            "agent_instance_id",
            "tools",
            "baml_functions",
            "capabilities"
          ],
          "properties": {
            "agent_instance_id": {
              "type": "string"
            },
            "agent_package": {
              "type": "string"
            },
            "baml_functions": {
              "type": "array",
              "items": {
                "type": "string"
              },
              "description": "BAML function names registered in the agent's runtime."
            },
            "capabilities": {
              "type": "array",
              "items": {
                "type": "string"
              }
            },
            "content_hash": {
              "type": [
                "string",
                "null"
              ]
            },
            "description": {
              "type": [
                "string",
                "null"
              ]
            },
            "name": {
              "type": "string"
            },
            "repository_version": {
              "type": [
                "integer",
                "null"
              ],
              "format": "int32",
              "minimum": 0
            },
            "subscriptions": {
              "type": "array",
              "items": {
                "$ref": "#/components/schemas/AgentEventSubscriptionDto"
              }
            },
            "tags": {
              "type": "array",
              "items": {
                "type": "string"
              }
            },
            "tools": {
              "type": "array",
              "items": {
                "type": "string"
              }
            },
            "version": {
              "type": "string"
            }
          }
        },
        "AgentDiscoveryEntryDto": {
          "type": "object",
          "description": "Discovery entry for one running agent (GET /agents response item).",
          "required": [
            "agent_package",
            "agent_instance_id",
            "name",
            "version",
            "agent_card"
          ],
          "properties": {
            "agent_card": {
              "$ref": "#/components/schemas/AgentCardDto",
              "description": "Agent card (cut-down shape) for discovery."
            },
            "agent_instance_id": {
              "type": "string"
            },
            "agent_package": {
              "type": "string"
            },
            "name": {
              "type": "string"
            },
            "version": {
              "type": "string"
            }
          }
        },
        "AgentDispatchAckDto": {
          "type": "object",
          "required": [
            "accepted"
          ],
          "properties": {
            "accepted": {
              "type": "boolean"
            },
            "detail": {
              "type": [
                "string",
                "null"
              ]
            }
          }
        },
        "AgentDispatchRequestDto": {
          "type": "object",
          "required": [
            "routing_key",
            "message_type"
          ],
          "properties": {
            "context_id": {
              "type": [
                "string",
                "null"
              ]
            },
            "message_id": {
              "type": [
                "string",
                "null"
              ]
            },
            "message_type": {
              "type": "string"
            },
            "messages": {
              "type": "array",
              "items": {
                "type": "object"
              }
            },
            "metadata": {
              "type": "object"
            },
            "routing_key": {
              "type": "string"
            },
            "task_id": {
              "type": [
                "string",
                "null"
              ]
            }
          }
        },
        "AgentEventSubscriptionDto": {
          "type": "object",
          "required": [
            "schema_versions",
            "source_kinds",
            "source_keys",
            "source_key_prefixes"
          ],
          "properties": {
            "schema_versions": {
              "type": "array",
              "items": {
                "type": "string"
              }
            },
            "source_key_prefixes": {
              "type": "array",
              "items": {
                "type": "string"
              }
            },
            "source_keys": {
              "type": "array",
              "items": {
                "type": "string"
              }
            },
            "source_kinds": {
              "type": "array",
              "items": {
                "type": "string"
              }
            }
          }
        },
        "ArtifactSummaryDto": {
          "type": "object",
          "description": "Artifact summary for UI display.",
          "required": [
            "name"
          ],
          "properties": {
            "media_type": {
              "type": [
                "string",
                "null"
              ]
            },
            "name": {
              "type": "string"
            }
          }
        },
        "ConfigVersionDto": {
          "type": "object",
          "description": "Config at a specific version.",
          "required": [
            "version",
            "config",
            "created_at_ms"
          ],
          "properties": {
            "config": {
              "type": "object",
              "description": "Config snapshot. Shape defined by tool's config schema."
            },
            "created_at_ms": {
              "type": "integer",
              "format": "int64",
              "minimum": 0
            },
            "version": {
              "type": "integer",
              "format": "int64",
              "minimum": 0
            }
          }
        },
        "ContextMetricsResponseDto": {
          "type": "object",
          "description": "API response for `GET /contexts/{context_id}/metrics`.",
          "required": [
            "context_id",
            "turns",
            "session"
          ],
          "properties": {
            "context_id": {
              "type": "string"
            },
            "session": {
              "$ref": "#/components/schemas/ContextSessionMetricsDto"
            },
            "turns": {
              "type": "array",
              "items": {
                "$ref": "#/components/schemas/ContextTurnMetricsDto"
              }
            }
          }
        },
        "ContextPickerItemDto": {
          "type": "object",
          "required": [
            "contextId",
            "latestTimestampMs",
            "preview"
          ],
          "properties": {
            "contextId": {
              "type": "string"
            },
            "latestTimestampMs": {
              "type": "integer",
              "format": "int64",
              "minimum": 0
            },
            "preview": {
              "type": "string"
            }
          }
        },
        "ContextPickerPageDto": {
          "type": "object",
          "required": [
            "items"
          ],
          "properties": {
            "items": {
              "type": "array",
              "items": {
                "$ref": "#/components/schemas/ContextPickerItemDto"
              }
            },
            "nextCursor": {
              "type": [
                "string",
                "null"
              ]
            }
          }
        },
        "ContextSessionMetricsDto": {
          "type": "object",
          "description": "Session-level aggregate metrics for one context id.",
          "required": [
            "turns_total",
            "user_prompts_total",
            "llm_calls_total",
            "llm_duration_ms_total",
            "prompt_context_bytes_current",
            "tokens_total"
          ],
          "properties": {
            "llm_calls_total": {
              "type": "integer",
              "format": "int64",
              "minimum": 0
            },
            "llm_duration_ms_total": {
              "type": "integer",
              "format": "int64",
              "minimum": 0
            },
            "prompt_context_bytes_current": {
              "type": "integer",
              "format": "int64",
              "description": "Serialized prompt JSON bytes for the **latest** LLM call in this context (temporal tail).",
              "minimum": 0
            },
            "tokens_total": {
              "$ref": "#/components/schemas/TokenUsageDto"
            },
            "turns_total": {
              "type": "integer",
              "format": "int64",
              "minimum": 0
            },
            "user_prompts_total": {
              "type": "integer",
              "format": "int64",
              "minimum": 0
            }
          }
        },
        "ContextTurnMetricsDto": {
          "type": "object",
          "description": "Turn-level metrics scoped by `(context_id, message_id)`.",
          "required": [
            "message_id",
            "user_prompt_count",
            "llm_call_count",
            "llm_duration_ms_total",
            "prompt_context_bytes_current",
            "tokens"
          ],
          "properties": {
            "llm_call_count": {
              "type": "integer",
              "format": "int64",
              "minimum": 0
            },
            "llm_duration_ms_total": {
              "type": "integer",
              "format": "int64",
              "minimum": 0
            },
            "message_id": {
              "type": "string"
            },
            "prompt_context_bytes_current": {
              "type": "integer",
              "format": "int64",
              "description": "Serialized prompt JSON bytes for the **latest** LLM call in this turn (`a2a_event_order` tail).",
              "minimum": 0
            },
            "tokens": {
              "$ref": "#/components/schemas/TokenUsageDto"
            },
            "user_prompt_count": {
              "type": "integer",
              "format": "int64",
              "minimum": 0
            }
          }
        },
        "ConversationHistoryContentDto": {
          "oneOf": [
            {
              "type": "object",
              "required": [
                "text",
                "type"
              ],
              "properties": {
                "citations": {
                  "type": "array",
                  "items": {
                    "type": "string"
                  }
                },
                "text": {
                  "type": "string"
                },
                "type": {
                  "type": "string",
                  "enum": [
                    "message"
                  ]
                }
              }
            },
            {
              "type": "object",
              "required": [
                "tool_name",
                "args",
                "fsm_phase",
                "type"
              ],
              "properties": {
                "args": {},
                "fsm_phase": {
                  "type": "string"
                },
                "tool_name": {
                  "type": "string"
                },
                "type": {
                  "type": "string",
                  "enum": [
                    "tool_call"
                  ]
                }
              }
            },
            {
              "type": "object",
              "required": [
                "tool_name",
                "fsm_phase",
                "outcome",
                "type"
              ],
              "properties": {
                "fsm_phase": {
                  "type": "string"
                },
                "outcome": {
                  "$ref": "#/components/schemas/ToolOutcomeDto"
                },
                "tool_name": {
                  "type": "string"
                },
                "type": {
                  "type": "string",
                  "enum": [
                    "tool_result"
                  ]
                }
              }
            },
            {
              "type": "object",
              "required": [
                "tool_name",
                "op",
                "type"
              ],
              "properties": {
                "op": {
                  "$ref": "#/components/schemas/SessionStepOpDto"
                },
                "read_replay_lines": {
                  "type": [
                    "array",
                    "null"
                  ],
                  "items": {
                    "type": "string"
                  }
                },
                "send_done_replay_payload": {},
                "tool_name": {
                  "type": "string"
                },
                "type": {
                  "type": "string",
                  "enum": [
                    "session_step"
                  ]
                }
              }
            }
          ]
        },
        "ConversationHistoryItemDto": {
          "type": "object",
          "required": [
            "timestampMs",
            "activityAnchor",
            "role",
            "content"
          ],
          "properties": {
            "activityAnchor": {
              "type": "string"
            },
            "content": {
              "$ref": "#/components/schemas/ConversationHistoryContentDto"
            },
            "role": {
              "type": "string"
            },
            "timestampMs": {
              "type": "integer",
              "format": "int64",
              "minimum": 0
            }
          }
        },
        "ConversationHistoryPageDto": {
          "type": "object",
          "required": [
            "contextId",
            "version",
            "maxEventOrder",
            "items"
          ],
          "properties": {
            "awaitingInput": {
              "type": "boolean",
              "description": "True when `a2a_task.status_json` for the effective task is `TASK_STATE_INPUT_REQUIRED`."
            },
            "contextId": {
              "type": "string"
            },
            "inputRequiredPrompt": {
              "type": [
                "string",
                "null"
              ],
              "description": "First text part from the status message when [Self::awaiting_input] is true."
            },
            "items": {
              "type": "array",
              "items": {
                "$ref": "#/components/schemas/ConversationHistoryItemDto"
              }
            },
            "llmPromptOperations": {
              "type": "array",
              "items": {
                "$ref": "#/components/schemas/LlmPromptOperationDto"
              },
              "description": "LLM prompt operations through `max_event_order` (delta may contain only new rows)."
            },
            "maxEventOrder": "[a2a_event_order]",
            "nextCursor": {
              "type": [
                "string",
                "null"
              ]
            },
            "promptContextBytesSessionCurrent": {
              "type": [
                "integer",
                "null"
              ],
              "format": "int64",
              "description": "Latest LLM prompt JSON size in this scope (temporal tail).",
              "minimum": 0
            },
            "taskId": {
              "type": [
                "string",
                "null"
              ]
            },
            "version": {
              "type": "string"
            }
          }
        },
        "DeployRequestDto": {
          "type": "object",
          "properties": {
            "hash": {
              "type": [
                "string",
                "null"
              ],
              "description": "Content hash to deploy directly."
            },
            "name": {
              "type": [
                "string",
                "null"
              ],
              "description": "Agent name for name/version resolution."
            },
            "version": {
              "type": [
                "string",
                "null"
              ],
              "description": "Agent version for name/version resolution."
            }
          }
        },
        "DeployResponseDto": {
          "type": "object",
          "required": [
            "hash",
            "already_deployed"
          ],
          "properties": {
            "already_deployed": {
              "type": "boolean"
            },
            "hash": {
              "type": "string"
            }
          }
        },
        "DeploymentRecordDto": {
          "type": "object",
          "required": [
            "content_hash",
            "agent_name",
            "deployed_at",
            "status",
            "failure_count"
          ],
          "properties": {
            "agent_name": {
              "type": "string"
            },
            "content_hash": {
              "type": "string"
            },
            "deployed_at": {
              "type": "string"
            },
            "failure_count": {
              "type": "integer",
              "format": "int32",
              "minimum": 0
            },
            "last_attempt_at": {
              "type": [
                "string",
                "null"
              ]
            },
            "last_error": {
              "type": [
                "string",
                "null"
              ]
            },
            "status": {
              "type": "string"
            }
          }
        },
        "EpisodeContentDto": {
          "oneOf": [
            {
              "type": "object",
              "required": [
                "text",
                "type"
              ],
              "properties": {
                "text": {
                  "type": "string"
                },
                "type": {
                  "type": "string",
                  "enum": [
                    "text"
                  ]
                }
              }
            },
            {
              "type": "object",
              "required": [
                "tool_name",
                "description",
                "type"
              ],
              "properties": {
                "description": {
                  "type": "string"
                },
                "tool_name": {
                  "type": "string"
                },
                "type": {
                  "type": "string",
                  "enum": [
                    "tool_invocation"
                  ]
                }
              }
            },
            {
              "type": "object",
              "required": [
                "tool_name",
                "summary",
                "line_count",
                "byte_count",
                "lines",
                "type"
              ],
              "properties": {
                "byte_count": {
                  "type": "integer",
                  "minimum": 0
                },
                "line_count": {
                  "type": "integer",
                  "minimum": 0
                },
                "lines": {
                  "type": "array",
                  "items": {
                    "type": "string"
                  }
                },
                "summary": {
                  "type": "string"
                },
                "tool_name": {
                  "type": "string"
                },
                "type": {
                  "type": "string",
                  "enum": [
                    "tool_output"
                  ]
                }
              }
            },
            {
              "type": "object",
              "required": [
                "summary",
                "type"
              ],
              "properties": {
                "summary": {
                  "type": "string"
                },
                "type": {
                  "type": "string",
                  "enum": [
                    "plan_revision_ref"
                  ]
                }
              }
            },
            {
              "type": "object",
              "required": [
                "old",
                "new",
                "type"
              ],
              "properties": {
                "message": {
                  "type": [
                    "string",
                    "null"
                  ]
                },
                "new": {
                  "type": "string"
                },
                "old": {
                  "type": "string"
                },
                "type": {
                  "type": "string",
                  "enum": [
                    "status_change"
                  ]
                }
              }
            },
            {
              "type": "object",
              "required": [
                "name",
                "type"
              ],
              "properties": {
                "media_type": {
                  "type": [
                    "string",
                    "null"
                  ]
                },
                "name": {
                  "type": "string"
                },
                "size_bytes": {
                  "type": [
                    "integer",
                    "null"
                  ],
                  "minimum": 0
                },
                "type": {
                  "type": "string",
                  "enum": [
                    "artifact"
                  ]
                }
              }
            }
          ],
          "description": "Episode entry content for UI display."
        },
        "EpisodeDriftCallDto": {
          "type": "object",
          "description": "Per-LLM-call drift detail anchored to transcript for episodic evaluation.\n\n# Structural note\nThis type is field-for-field identical to [`baml_rt_conversation::episode::EpisodeDriftCall`].\nThey are kept separate so the domain crate remains free of API (`utoipa`) dependencies.\nIf you add a field to either type, you **must** add it to both and update the\n`from_field_copy!` invocation below.",
          "required": [
            "activity_anchor",
            "function_name",
            "severity",
            "intent_alignment",
            "plan_adherence_score"
          ],
          "properties": {
            "activity_anchor": {
              "type": "string"
            },
            "citation_coverage": {
              "type": [
                "number",
                "null"
              ],
              "format": "float"
            },
            "citation_mean_similarity": {
              "type": [
                "number",
                "null"
              ],
              "format": "float"
            },
            "cross_encoder_step_score": {
              "type": [
                "number",
                "null"
              ],
              "format": "float"
            },
            "function_name": {
              "type": "string"
            },
            "intent_alignment": {
              "type": "number",
              "format": "float"
            },
            "plan_adherence_score": {
              "type": "number",
              "format": "float"
            },
            "severity": {
              "type": "string"
            },
            "step_alignment": {
              "type": [
                "number",
                "null"
              ],
              "format": "float"
            },
            "trajectory_drift": {
              "type": [
                "number",
                "null"
              ],
              "format": "float"
            }
          }
        },
        "EpisodeDriftSummaryDto": {
          "type": "object",
          "description": "Task-level drift summary for episodic evaluation and memory formation.\n\n# Structural note\nThis type is field-for-field identical to [`baml_rt_conversation::episode::EpisodeDriftSummary`].\nThey are kept separate so the domain crate remains free of API (`utoipa`) dependencies.\nIf you add a field to either type, you **must** add it to both and update the\n`from_field_copy!` invocation below.",
          "required": [
            "composite_severity",
            "intent_alignment",
            "plan_adherence_score",
            "scored_call_count",
            "warn_count",
            "block_count"
          ],
          "properties": {
            "block_count": {
              "type": "integer",
              "format": "int32",
              "minimum": 0
            },
            "composite_severity": {
              "type": "string"
            },
            "intent_alignment": {
              "type": "number",
              "format": "float"
            },
            "plan_adherence_score": {
              "type": "number",
              "format": "float"
            },
            "scored_call_count": {
              "type": "integer",
              "format": "int32",
              "minimum": 0
            },
            "step_alignment": {
              "type": [
                "number",
                "null"
              ],
              "format": "float"
            },
            "trajectory_drift": {
              "type": [
                "number",
                "null"
              ],
              "format": "float"
            },
            "warn_count": {
              "type": "integer",
              "format": "int32",
              "minimum": 0
            }
          }
        },
        "EpisodeDurationDto": {
          "type": "object",
          "description": "Task duration breakdown for UI display.",
          "required": [
            "active_ms",
            "wait_ms",
            "wall_clock_ms"
          ],
          "properties": {
            "active_ms": {
              "type": "integer",
              "format": "int64",
              "minimum": 0
            },
            "wait_ms": {
              "type": "integer",
              "format": "int64",
              "minimum": 0
            },
            "wall_clock_ms": {
              "type": "integer",
              "format": "int64",
              "minimum": 0
            }
          }
        },
        "EpisodeEntryDto": {
          "type": "object",
          "description": "Episode transcript entry for UI display.",
          "required": [
            "seq",
            "step_type",
            "role",
            "elapsed_ms",
            "content",
            "activity_anchor"
          ],
          "properties": {
            "activity_anchor": {
              "type": "string"
            },
            "citation_strings": {
              "type": "array",
              "items": {
                "type": "string"
              }
            },
            "content": {
              "$ref": "#/components/schemas/EpisodeContentDto"
            },
            "elapsed_ms": {
              "type": "integer",
              "format": "int64"
            },
            "role": {
              "type": "string"
            },
            "seq": {
              "type": "integer",
              "format": "int32",
              "minimum": 0
            },
            "step_type": {
              "$ref": "#/components/schemas/StepTypeDto"
            }
          }
        },
        "EpisodeOutcomeDto": {
          "type": "object",
          "description": "Episode outcome for UI display.",
          "required": [
            "artifacts",
            "citation_strings",
            "token_summary",
            "duration"
          ],
          "properties": {
            "artifacts": {
              "type": "array",
              "items": {
                "$ref": "#/components/schemas/ArtifactSummaryDto"
              }
            },
            "citation_strings": {
              "type": "array",
              "items": {
                "type": "string"
              }
            },
            "duration": {
              "$ref": "#/components/schemas/EpisodeDurationDto"
            },
            "final_message": {
              "type": [
                "string",
                "null"
              ]
            },
            "token_summary": {
              "$ref": "#/components/schemas/TokenSummaryDto"
            }
          }
        },
        "EpisodeSnapshotDto": {
          "type": "object",
          "description": "Complete episode snapshot for SSE streaming and one-shot requests.",
          "required": [
            "task_id",
            "context_id",
            "agent_id",
            "ref_prefix",
            "status",
            "started_timestamp_ms",
            "duration",
            "token_summary",
            "prior_context",
            "goal",
            "transcript",
            "session_history",
            "intents",
            "plans",
            "outcome"
          ],
          "properties": {
            "agent_id": {
              "type": "string"
            },
            "context_id": {
              "type": "string"
            },
            "drift_calls": {
              "type": "array",
              "items": {
                "$ref": "#/components/schemas/EpisodeDriftCallDto"
              },
              "description": "Per-LLM-call drift detail anchored to transcript activity anchors."
            },
            "drift_summary": {
              "oneOf": [
                {
                  "type": "null"
                },
                {
                  "$ref": "#/components/schemas/EpisodeDriftSummaryDto",
                  "description": "Task-level drift summary. None when drift scoring was not enabled."
                }
              ]
            },
            "duration": {
              "$ref": "#/components/schemas/EpisodeDurationDto"
            },
            "goal": {
              "$ref": "#/components/schemas/EpisodeEntryDto"
            },
            "intents": {
              "type": "array",
              "items": {
                "$ref": "#/components/schemas/IntentRevisionDto"
              }
            },
            "outcome": {
              "$ref": "#/components/schemas/EpisodeOutcomeDto"
            },
            "plans": {
              "type": "array",
              "items": {
                "$ref": "#/components/schemas/PlanRevisionDto"
              }
            },
            "prior_context": {
              "type": "array",
              "items": {
                "$ref": "#/components/schemas/EpisodeEntryDto"
              }
            },
            "ref_prefix": {
              "type": "string"
            },
            "session_history": {
              "type": "array",
              "items": {
                "$ref": "#/components/schemas/SessionHistoryLineDto"
              }
            },
            "started_timestamp_ms": {
              "type": "integer",
              "format": "int64",
              "minimum": 0
            },
            "status": {
              "$ref": "#/components/schemas/TerminalStatusDto"
            },
            "task_id": {
              "type": "string"
            },
            "token_summary": {
              "$ref": "#/components/schemas/TokenSummaryDto"
            },
            "transcript": {
              "type": "array",
              "items": {
                "$ref": "#/components/schemas/EpisodeEntryDto"
              }
            }
          }
        },
        "IntentRevisionDto": {
          "type": "object",
          "description": "Intent revision for UI display.",
          "required": [
            "intent_id",
            "description",
            "activity_anchor",
            "timestamp_ms",
            "superseded_by_next",
            "derived_citation_strings"
          ],
          "properties": {
            "activity_anchor": {
              "type": "string"
            },
            "derived_citation_strings": {
              "type": "array",
              "items": {
                "type": "string"
              }
            },
            "description": {
              "type": "string"
            },
            "intent_id": {
              "type": "string"
            },
            "superseded_by_next": {
              "type": "boolean"
            },
            "supersession_from_previous": {
              "type": [
                "string",
                "null"
              ]
            },
            "timestamp_ms": "[timestamp_ms]"
          }
        },
        "LlmPromptOperationDto": {
          "type": "object",
          "description": "One completed LLM call’s measured prompt JSON byte length (for UI / SSE merge).",
          "required": [
            "activityAnchor",
            "eventOrder",
            "promptContextBytesCurrent"
          ],
          "properties": {
            "activityAnchor": {
              "type": "string"
            },
            "eventOrder": {
              "type": "integer",
              "format": "int64",
              "minimum": 0
            },
            "promptContextBytesCurrent": {
              "type": "integer",
              "format": "int64",
              "minimum": 0
            }
          }
        },
        "MigrateRequestDto": {
          "type": "object",
          "required": [
            "hash",
            "target_runner_endpoint"
          ],
          "properties": {
            "hash": {
              "type": "string",
              "description": "Content hash of the agent to migrate."
            },
            "target_runner_endpoint": {
              "type": "string",
              "description": "HTTP endpoint of the target runner (e.g. http://runner-1.runner.agentium.svc:18080)."
            }
          }
        },
        "MigrateResponseDto": {
          "type": "object",
          "required": [
            "migrated"
          ],
          "properties": {
            "migrated": {
              "type": "boolean"
            },
            "source_undeploy_failed": {
              "type": "boolean",
              "description": "True when the remote deploy succeeded but the local undeploy failed.\nThe agent may be running on both runners until the source is cleaned up."
            }
          }
        },
        "PlanRevisionDto": {
          "type": "object",
          "description": "Plan revision for UI display.",
          "required": [
            "plan_id",
            "intent_id",
            "activity_anchor",
            "timestamp_ms",
            "superseded_by_next",
            "steps"
          ],
          "properties": {
            "activity_anchor": {
              "type": "string"
            },
            "intent_id": {
              "type": "string"
            },
            "plan_id": {
              "type": "string"
            },
            "steps": {
              "type": "array",
              "items": {
                "$ref": "#/components/schemas/PlanStepEntryDto"
              }
            },
            "superseded_by_next": {
              "type": "boolean"
            },
            "timestamp_ms": "[timestamp_ms]"
          }
        },
        "PlanStepEntryDto": {
          "type": "object",
          "description": "Plan step entry for UI display.",
          "required": [
            "step_id",
            "description",
            "status",
            "citation_strings"
          ],
          "properties": {
            "citation_strings": {
              "type": "array",
              "items": {
                "type": "string"
              }
            },
            "description": {
              "type": "string"
            },
            "status": {
              "type": "string"
            },
            "step_id": {
              "type": "string"
            },
            "timestamp_ms": "[timestamp_ms]"
          }
        },
        "ProvisionSecretDto": {
          "type": "object",
          "description": "Request body for linking a secret by name (PUT /config/secrets/{name}).\nOnly link_from is accepted; secrets are stored in the secret store (fnox), never sent as raw values.",
          "required": [
            "link_from"
          ],
          "properties": {
            "link_from": {
              "type": "string",
              "description": "Key name in the secret store (fnox/env) to link from. The runner resolves this and uses its value for {name}."
            }
          }
        },
        "SecretOverviewEntryDto": {
          "type": "object",
          "description": "One secret in the M:N overview: which tools and LLM clients require it.",
          "required": [
            "name",
            "tool_consumers",
            "llm_consumers",
            "satisfied"
          ],
          "properties": {
            "descriptor": {
              "type": [
                "string",
                "null"
              ],
              "description": "What the secret must provide (from first tool that declares it)."
            },
            "justification": {
              "type": [
                "string",
                "null"
              ],
              "description": "Why this secret is needed (from first tool that declares it)."
            },
            "linked_to": {
              "type": [
                "string",
                "null"
              ],
              "description": "When satisfied and linked via the UI: the key in the secret store this secret is linked to (e.g. env.OPENROUTER_API_KEY). Omitted when not linked or loaded from defaults only."
            },
            "llm_consumers": {
              "type": "array",
              "items": {
                "type": "string"
              },
              "description": "LLM client names that reference this secret (e.g. api_key placeholder for OPENROUTER_API_KEY)."
            },
            "name": {
              "type": "string",
              "description": "Canonical secret name / key (e.g. NOTION_API_TOKEN)."
            },
            "satisfied": {
              "type": "boolean",
              "description": "True if the secret is provisioned (resolver returns a value for this key); false when missing or when resolver is unavailable. Always present (not optional)."
            },
            "secret_type": {
              "type": [
                "string",
                "null"
              ],
              "description": "Type from tool secret_requests (e.g. \"api_key\"); absent if only referenced by LLM."
            },
            "tool_consumers": {
              "type": "array",
              "items": {
                "type": "string"
              },
              "description": "Tool names (bundle/local) that declare this secret."
            }
          }
        },
        "SecretRequestDto": {
          "type": "object",
          "description": "Secret request (for GET /config/{tool_name}/secret-requests).",
          "required": [
            "name",
            "secret_type",
            "justification",
            "descriptor"
          ],
          "properties": {
            "descriptor": {
              "type": "string"
            },
            "justification": {
              "type": "string"
            },
            "name": {
              "type": "string"
            },
            "secret_type": {
              "type": "string"
            }
          }
        },
        "SessionHistoryLineDto": {
          "type": "object",
          "description": "One line of session-style history (`conversation_history` mirror).",
          "required": [
            "role",
            "content"
          ],
          "properties": {
            "citations": {
              "type": "array",
              "items": {
                "type": "string"
              },
              "description": "Ref-table strings on message-sourced rows; empty for tool/system lines."
            },
            "content": {
              "type": "string"
            },
            "role": {
              "type": "string"
            }
          }
        },
        "SessionStepOpDto": {
          "oneOf": [
            {
              "type": "object",
              "required": [
                "kind"
              ],
              "properties": {
                "kind": {
                  "type": "string",
                  "enum": [
                    "open"
                  ]
                }
              }
            },
            {
              "type": "object",
              "required": [
                "archive_ref",
                "header",
                "informed_by",
                "kind"
              ],
              "properties": {
                "archive_ref": {
                  "type": "string"
                },
                "header": {
                  "type": "string"
                },
                "informed_by": {
                  "type": "string"
                },
                "kind": {
                  "type": "string",
                  "enum": [
                    "send_done"
                  ]
                }
              }
            },
            {
              "type": "object",
              "required": [
                "archive_ref",
                "grep",
                "offset",
                "limit",
                "kind"
              ],
              "properties": {
                "archive_ref": {
                  "type": "string"
                },
                "grep": {
                  "type": "string"
                },
                "kind": {
                  "type": "string",
                  "enum": [
                    "search_read"
                  ]
                },
                "limit": {
                  "type": "integer",
                  "minimum": 0
                },
                "offset": {
                  "type": "integer",
                  "minimum": 0
                }
              }
            },
            {
              "type": "object",
              "required": [
                "archive_ref",
                "offset",
                "limit",
                "kind"
              ],
              "properties": {
                "archive_ref": {
                  "type": "string"
                },
                "kind": {
                  "type": "string",
                  "enum": [
                    "page_read"
                  ]
                },
                "limit": {
                  "type": "integer",
                  "minimum": 0
                },
                "offset": {
                  "type": "integer",
                  "minimum": 0
                }
              }
            }
          ]
        },
        "StepTypeDto": {
          "type": "string",
          "description": "Episode step type for UI display.",
          "enum": [
            "message",
            "tool_call",
            "tool_read",
            "tool_result",
            "plan_revision",
            "status_transition",
            "artifact_emitted"
          ]
        },
        "TerminalStatusDto": {
          "oneOf": [
            {
              "type": "string",
              "enum": [
                "completed"
              ]
            },
            {
              "type": "string",
              "enum": [
                "failed"
              ]
            },
            {
              "type": "string",
              "enum": [
                "canceled"
              ]
            },
            {
              "type": "string",
              "enum": [
                "rejected"
              ]
            },
            {
              "type": "object",
              "required": [
                "other"
              ],
              "properties": {
                "other": {
                  "type": "string"
                }
              }
            }
          ],
          "description": "Terminal task outcome for UI display."
        },
        "TokenSummaryDto": {
          "type": "object",
          "description": "Token usage summary for UI display.",
          "required": [
            "prompt_tokens",
            "completion_tokens",
            "total_tokens",
            "llm_call_count",
            "llm_duration_ms"
          ],
          "properties": {
            "completion_tokens": {
              "type": "integer",
              "format": "int64",
              "minimum": 0
            },
            "llm_call_count": {
              "type": "integer",
              "format": "int32",
              "minimum": 0
            },
            "llm_duration_ms": {
              "type": "integer",
              "format": "int64",
              "minimum": 0
            },
            "prompt_tokens": {
              "type": "integer",
              "format": "int64",
              "minimum": 0
            },
            "total_tokens": {
              "type": "integer",
              "format": "int64",
              "minimum": 0
            }
          }
        },
        "TokenUsageDto": {
          "type": "object",
          "description": "Token totals for a turn or session.",
          "required": [
            "in",
            "out",
            "total"
          ],
          "properties": {
            "in": {
              "type": "integer",
              "format": "int64",
              "minimum": 0
            },
            "out": {
              "type": "integer",
              "format": "int64",
              "minimum": 0
            },
            "total": {
              "type": "integer",
              "format": "int64",
              "minimum": 0
            }
          }
        },
        "ToolConfigDto": {
          "type": "object",
          "description": "Tool config with version (GET /config/{tool_name} response).",
          "required": [
            "tool_name",
            "config",
            "version"
          ],
          "properties": {
            "config": {
              "type": "object",
              "description": "Current config (with defaults merged). Shape defined by tool's config schema."
            },
            "tool_name": {
              "type": "string"
            },
            "version": {
              "type": "integer",
              "format": "int64",
              "minimum": 0
            }
          }
        },
        "ToolConfigSchemaDto": {
          "type": "object",
          "description": "Tool config schema and default (for GET /config and GET /config/{tool_name}).",
          "required": [
            "tool_name",
            "schema",
            "has_config"
          ],
          "properties": {
            "default": {
              "type": "object",
              "description": "Default config (from schema or explicit)."
            },
            "has_config": {
              "type": "boolean",
              "description": "Whether this tool has stored config."
            },
            "schema": {
              "type": "object",
              "description": "JSON Schema for the tool's config type (defines shape of PUT /config/{tool_name} body)."
            },
            "tool_name": {
              "type": "string",
              "description": "Tool name (bundle/local)."
            }
          }
        },
        "ToolOutcomeDto": {
          "oneOf": [
            {
              "type": "object",
              "required": [
                "value",
                "kind"
              ],
              "properties": {
                "kind": {
                  "type": "string",
                  "enum": [
                    "result"
                  ]
                },
                "value": {}
              }
            },
            {
              "type": "object",
              "required": [
                "value",
                "kind"
              ],
              "properties": {
                "kind": {
                  "type": "string",
                  "enum": [
                    "error"
                  ]
                },
                "value": {}
              }
            },
            {
              "type": "object",
              "required": [
                "kind"
              ],
              "properties": {
                "kind": {
                  "type": "string",
                  "enum": [
                    "status_only"
                  ]
                }
              }
            }
          ]
        },
        "UndeployRequestDto": {
          "type": "object",
          "required": [
            "hash"
          ],
          "properties": {
            "hash": {
              "type": "string"
            }
          }
        },
        "UndeployResponseDto": {
          "type": "object",
          "required": [
            "removed"
          ],
          "properties": {
            "removed": {
              "type": "boolean"
            }
          }
        }
      },
      "securitySchemes": {
        "RunnerToken": {
          "type": "apiKey",
          "in": "header",
          "name": "X-Runner-Token"
        }
      }
    },
    "tags": [
      {
        "name": "agents",
        "description": "Agent discovery, deterministic dispatch, and A2A JSON-RPC"
      },
      {
        "name": "mermaid",
        "description": "Provenance graph as Mermaid sequence diagrams (when SurrealDB provenance is enabled)"
      },
      {
        "name": "provenance",
        "description": "Provenance-backed read APIs. UI observation should use conversation-history/episode snapshot+stream routes; /provenance/messages remains analytics-oriented."
      },
      {
        "name": "deployments",
        "description": "Runner-local deployment lifecycle APIs (deploy, undeploy, list)."
      },
      {
        "name": "config",
        "description": "Tool configuration and secret requests (schema includes config type schemas)"
      },
      {
        "name": "control",
        "description": "Operational control plane: agent migration between runners."
      }
    ]
  }
}
