---
source: crates/baml-rt-builder/tests/bootstrap_test.rs
expression: artifacts
---
=== manifest.json ===
{
  "version": "1.0.0",
  "name": "calculator-agent",
  "entry_point": "src/index.ts",
  "signature": "calculator-agent@1.0.0",
  "tools": [
    "support/calculate"
  ],
  "tags": [],
  "discovery": {
    "description": "Uses support/calculate"
  }
}

=== baml_src/calculator_agent_prompt.baml ===
// Agent prompt with tool choice
// (_baml_runtime.baml is loaded from the same directory by the runtime)

function ChooseCalculatoragentTool(user_message: string) -> SupportCalculateSessionPlan {
  client DefaultClient
  prompt #"
    The user said: { user_message }
    Decide whether to use a tool and produce a session plan.

    { ctx.output_format }

    { _.role('user') }
    { user_message }
  "#
}

client DefaultClient {
  provider openai
  options {
    model "gpt-4o-mini"
    api_key env.OPENAI_API_KEY
  }
}


=== src/index.ts ===
/// <reference path="./baml-runtime.d.ts" />
// Types from baml-runtime.d.ts (bootstrap-generated). DSL-only; no protocol plumbing.
import type { RunContext, SessionResult } from "./baml-runtime";
__chat_register({
  run: async (ctx: RunContext): Promise<SessionResult> => {
    const text = typeof ctx.text === "string" && ctx.text.length > 0 ? ctx.text : "unknown";
    const result = await ChooseCalculatoragentTool({ user_message: text });
    return { message: String(result) };
  },
});


=== src/baml-runtime.d.ts ===
/**
 * BAML runtime TypeScript declarations.
 * Auto-generated from BAML runtime IR — do not edit manually.
 * Use these types and function declarations in your agent code (e.g. index.ts).
 */

/** Types for BAML function arguments and return values (classes, enums, aliases). */

export interface ArchivePageReadInput { archive_ref: string;
offset: number | null;
limit: number | null;
 }

export interface ArchiveSearchReadInput { archive_ref: string;
grep: string;
offset: number | null;
limit: number | null;
 }

export interface CalculatorInput { expression: Expression;
 }

export interface Expression { left: number;
operation: MathOperation;
right: number;
 }

export type MathOperation = "Add" | "Subtract" | "Multiply" | "Divide";

export interface SupportCalculateAbortStep { op: "Abort";
 }

export interface SupportCalculateFinishStep { op: "Finish";
 }

export interface SupportCalculateOpenStep { op: "Open";
tool_name: "support/calculate";
 }

export interface SupportCalculatePageReadStep { op: "PageRead";
input: ArchivePageReadInput;
 }

export interface SupportCalculateSearchReadStep { op: "SearchRead";
input: ArchiveSearchReadInput;
 }

export interface SupportCalculateSendStep { op: "Send";
input: CalculatorInput;
citations: string[];
 }

export interface SupportCalculateSessionPlan { step: SupportCalculateOpenStep | SupportCalculateSendStep | SupportCalculateSearchReadStep | SupportCalculatePageReadStep | SupportCalculateFinishStep | SupportCalculateAbortStep;
citations: string[];
 }

/** BAML functions: call these from your agent (e.g. await MyFunction(args)). Declared in global scope so they are visible when this file is used as a module. */

declare global {

declare function ChooseCalculatoragentTool(args: { user_message: string } & { __baml_invocation_token?: string }): Promise<SupportCalculateSessionPlan>;

}

/** Runtime interaction API: A2A task FSM (message-first, typestate rails). */

/**
 * A2A task-only FSM API (message-first).
 *
 * This is the canonical interface for A2A task flows in TypeScript.
 * It intentionally models legal task/session transitions in the type system
 * so invalid transition wiring fails at compile-time.
 */
export type A2aTaskState =
    | "TASK_STATE_SUBMITTED"
    | "TASK_STATE_WORKING"
    | "TASK_STATE_INPUT_REQUIRED"
    | "TASK_STATE_AUTH_REQUIRED"
    | "TASK_STATE_COMPLETED"
    | "TASK_STATE_FAILED"
    | "TASK_STATE_CANCELED"
    | "TASK_STATE_REJECTED";
export type A2aNonTerminalTaskState =
    | "TASK_STATE_SUBMITTED"
    | "TASK_STATE_WORKING"
    | "TASK_STATE_INPUT_REQUIRED"
    | "TASK_STATE_AUTH_REQUIRED";
export type A2aTerminalTaskState =
    | "TASK_STATE_COMPLETED"
    | "TASK_STATE_FAILED"
    | "TASK_STATE_CANCELED"
    | "TASK_STATE_REJECTED";
export type A2aNextStates<S extends A2aTaskState> =
    S extends "TASK_STATE_SUBMITTED"
        ? "TASK_STATE_WORKING" | "TASK_STATE_COMPLETED" | "TASK_STATE_FAILED" | "TASK_STATE_CANCELED" | "TASK_STATE_REJECTED" | "TASK_STATE_INPUT_REQUIRED" | "TASK_STATE_AUTH_REQUIRED"
    : S extends "TASK_STATE_WORKING"
        ? "TASK_STATE_INPUT_REQUIRED" | "TASK_STATE_AUTH_REQUIRED" | "TASK_STATE_COMPLETED" | "TASK_STATE_FAILED" | "TASK_STATE_CANCELED" | "TASK_STATE_REJECTED"
    : S extends "TASK_STATE_INPUT_REQUIRED"
        ? "TASK_STATE_WORKING" | "TASK_STATE_CANCELED" | "TASK_STATE_REJECTED"
    : S extends "TASK_STATE_AUTH_REQUIRED"
        ? "TASK_STATE_WORKING" | "TASK_STATE_CANCELED" | "TASK_STATE_REJECTED"
    : never;
export interface A2aTaskContext<S extends A2aTaskState> {
    taskId: string;
    contextId?: string;
    state: S;
}
export interface A2aTaskView<S extends A2aTaskState = A2aTaskState> extends A2aTaskContext<S> {}
export interface A2aActiveTask<S extends A2aNonTerminalTaskState> extends A2aTaskView<S> {
    onStatus<N extends A2aNextStates<S>>(expected: N, handler: (task: A2aActiveTask<N>) => Promise<void> | void): A2aActiveTask<S>;
    cancel(): Promise<A2aTerminalTask<"TASK_STATE_CANCELED">>;
}
export interface A2aTerminalTask<S extends A2aTerminalTaskState> extends A2aTaskView<S> {}
export interface A2aStateDispatcher<S extends A2aNonTerminalTaskState> {
    on<N extends A2aNextStates<S>>(state: N, handler: (ctx: A2aTaskContext<N>) => Promise<void> | void): A2aStateDispatcher<S>;
}
export type JsonPrimitive = string | number | boolean | null;
export type JsonObject = { [key: string]: JsonValue };
export type JsonArray = JsonValue[];
export type JsonValue = JsonPrimitive | JsonObject | JsonArray;
/** A chunk emitted via __chat_yield. Must be a JSON-serializable object following A2A wire format. */
export type YieldChunk =
  | { message: { parts: Part[]; role?: string; [key: string]: JsonValue | undefined }; [key: string]: JsonValue | undefined }
  | { task: { id?: string; contextId?: string; status?: { state?: A2aTaskState; [key: string]: JsonValue | undefined }; [key: string]: JsonValue | undefined }; [key: string]: JsonValue | undefined }
  | { statusUpdate: JsonObject; [key: string]: JsonValue | undefined }
  | { artifactUpdate: JsonObject; [key: string]: JsonValue | undefined }
  | { final: boolean; [key: string]: JsonValue | undefined }
  | JsonObject;
export type A2aMessageEvent<S extends A2aTaskState = A2aTaskState> =
    | { kind: "assistantMessage"; text: string; task: A2aTaskView<S> }
    | { kind: "statusChanged"; from?: A2aTaskState; to: S; task: A2aTaskView<S> }
    | { kind: "artifactPublished"; task: A2aTaskView<S>; artifact: JsonValue; append?: boolean; lastChunk?: boolean }
    | { kind: "completed"; task: A2aTerminalTask<Extract<S, A2aTerminalTaskState>> }
    | { kind: "failed"; task: A2aTerminalTask<Extract<S, A2aTerminalTaskState>>; error: ToolFailure };
/**
 * Session typestate rails:
 * - AwaitingInput: only send/abort are legal
 * - Streaming: event consumption + finish/abort
 * - Closed: terminal state, no further operations
 */
export interface A2aSessionAwaitingInput<I> {
    sessionId: string;
    send(input: I): Promise<A2aSessionStreaming<"TASK_STATE_SUBMITTED">>;
    abort(reason?: string): Promise<A2aSessionClosed>;
}
export interface A2aSessionStreaming<S extends A2aTaskState> {
    sessionId: string;
    events(): AsyncIterable<A2aMessageEvent<S | A2aNextStates<S>>>;
    dispatch(task: A2aActiveTask<Extract<S, A2aNonTerminalTaskState>>): A2aStateDispatcher<Extract<S, A2aNonTerminalTaskState>>;
    finish(): Promise<A2aSessionClosed>;
    abort(reason?: string): Promise<A2aSessionClosed>;
}
export interface A2aSessionClosed {
    sessionId: string;
    closed: true;
}
/**
 * Intent/Plan protocol rails (breaking contract):
 * 1) submitIntent(...)
 * 2) submitPlan(...)
 * 3) execute and complete steps with strict evidence references
 *
 * Agent code is an **adversarial** trust boundary: it must not supply sensitive identifiers (e.g. message UUIDs).
 * The Rust host binds execution-session lineage from the **invocation scope only**; it is not part of this
 * TypeScript contract and any `derivedFromMessageIds` in JSON is ignored.
 * `supersession` accepts replaced|refined and snake_case/camelCase aliases (see host parser).
 *
 * **Planning ids are not global provenance identifiers:** `intentId`, `planId`, and per-step `stepId`
 * are task-scoped **aliases** (often agent-chosen or LLM slugs). The host derives canonical graph
 * entity ids by compounding them with the active task scope — never treat these strings as durable
 * global keys.
 */
export interface IntentSubmission {
    intentId: string;
    description: string;
    /** Citation refs grounding this intent — pass the \`citations\` field from the BAML planning function's return value. #N = session history lines, @N = archive refs. Optional: the provenance system captures LLM-produced citations automatically from BAML return types. */
    citations?: string[];
    supersession?: "replaced" | "refined";
}
/** One row in `submitPlan.steps`. Use **either** `stepId` (idiomatic TS) **or** `step_id` (BAML-shaped); the host deserializes both, plus `dependsOn` / `depends_on`. */
export type PlanStepSubmission =
    | {
          stepId: string;
          description: string;
          order: number;
          dependsOn?: string[];
          depends_on?: string[];
      }
    | {
          step_id: string;
          description: string;
          order: number;
          dependsOn?: string[];
          depends_on?: string[];
      };
export interface PlanSubmission {
    intentId: string;
    planId: string;
    steps: PlanStepSubmission[];
    supersession?: "replaced" | "refined";
}
export interface A2aExecutionSessionAwaitIntent {
    sessionId: string;
    submitIntent(intent: IntentSubmission): Promise<A2aExecutionSessionAwaitPlan>;
    abort(reason?: string): Promise<A2aSessionClosed>;
}
export interface A2aExecutionSessionAwaitPlan {
    sessionId: string;
    submitPlan(plan: PlanSubmission): Promise<A2aExecutionSessionExecutable>;
    abort(reason?: string): Promise<A2aSessionClosed>;
}
export interface A2aExecutionSessionExecutable {
    sessionId: string;
    /** citations are optional — LLM-produced citations are captured automatically by the provenance system from BAML return types. Only pass explicitly if the agent has out-of-band provenance to record. */
    startStep(stepId: string, citations?: string[]): Promise<void>;
    completeStep(stepId: string, citations?: string[]): Promise<void>;
    finish(): Promise<A2aSessionClosed>;
    abort(reason?: string): Promise<A2aSessionClosed>;
}
/**
 * Bootstrap-generated: handler types. Incoming message (parts only; IDs/context are host-managed).
 * Session lifecycle: host invokes onChatMessage(message); agent uses session(message).run(...) to run work and emit outcomes.
 */
export interface Part { text?: string; data?: JsonValue; [key: string]: JsonValue | undefined; }
export interface Message {
  parts: Part[];
  /** First text part. Present on messages from awaitInput(); for the initial message use session(message).text(). */
  text?(): string;
}
export type ChatMessage = Message;
/** Media type for a structured reply data part. */
export type ReplyMediaType = "text/plain" | "text/markdown" | "application/json" | "text/csv";
/** A prose text part of a structured reply. */
export interface TextPart { type: "text"; text: string; }
/** A structured data part of a structured reply (e.g. JSON, CSV). */
export interface DataPart { type: "data"; data: string; media_type: ReplyMediaType; }
/** One part of a structured reply: text or typed data. */
export type ReplyPart = TextPart | DataPart;
/**
 * Structured reply from a synthesis function.
 * Contains ordered reply parts and citations referencing the history entries (#N, @N) this reply was derived from.
 */
export interface StructuredReply {
  parts: ReplyPart[];
  citations: string[];
}
/**
 * Result shape for session.run() callback. Return { message } on success (runtime emits message and completed);
 * return { error } on failure (runtime emits failed with that error). No need to call emit helpers yourself.
 */
export type SessionResult = { message: string } | { message: StructuredReply } | { error: string };
/**
 * Emitter passed into run(emit => ...) for intermediate emissions (working message, artifact, status).
 * Use when you need to stream artifacts or status before returning the final SessionResult.
 */
export interface SessionEmitter {
  /** Emit a working message (task state remains WORKING). Accepts plain string or StructuredReply. */
  message(content: string | StructuredReply): void;
  /** Emit an artifact chunk (append/lastChunk optional). */
  artifact(artifact: JsonValue, append?: boolean, lastChunk?: boolean): void;
  /** Emit a status transition (e.g. TASK_STATE_WORKING). */
  statusChanged(to: A2aTaskState): void;
  /**
   * Suspend this flow until the next message for the same task/context arrives.
   * Runtime emits TASK_STATE_INPUT_REQUIRED before suspension. Optional prompt is attached to that status.
   */
  awaitInput(prompt?: string): Promise<ChatMessage>;
}
/**
 * Fluent session builder. Entrypoint for agent logic: session(message).run(async () => ...).
 * - .text() returns the first text part of the message (no manual extraction).
 * - .run(fn) runs fn(); if it returns { message }, runtime emits that and completed; if { error }, runtime emits failed.
 * - .run(emit => fn(emit)) receives an emitter for intermediate message/artifact/status and await-input suspension.
 * - .onCompleted / .onFailed are optional side-effect callbacks; emission is always done by the runtime.
 */
export interface SessionBuilder {
  /** First text part of the message; use for BAML/tool args. Defaults to "" if missing. */
  text(): string;
  /** Optional: called with the success message before the runtime emits completed. */
  onCompleted(fn: (message: string) => void): SessionBuilder;
  /** Optional: called with the error string before the runtime emits failed. */
  onFailed(fn: (error: string) => void): SessionBuilder;
  /**
   * Run async work. Return { message } to succeed (runtime emits message + completed);
   * return { error } to fail (runtime emits failed). Rejected promise is treated as { error: err.message }.
   * Overload: run(emit => ...) receives SessionEmitter for intermediate emissions.
   */
  run(fn: (emit: SessionEmitter) => Promise<SessionResult>): Promise<void>;
  run(fn: () => Promise<SessionResult>): Promise<void>;
}
/**
 * Context passed to the run entrypoint when using __chat_register({ run }).
 * The real entrypoint is run(ctx): you receive text, message, and emit; return SessionResult.
 */
export interface RunContext {
  /** First text part of the message (same as session(message).text()). */
  text: string;
  /** Inbound message (parts, optional .text() from awaitInput). */
  message: ChatMessage;
  /** Emitter for working message, artifact, awaitInput; use when you need to stream or suspend. */
  emit: SessionEmitter;
}
/** Host-to-agent deterministic dispatch request (non-conversational workloads). */
export interface HostDispatchRequest {
  /** Stable route label for the receiving entrypoint (e.g. "slack:intake"). */
  routing_key: string;
  /** Message family / schema identifier for the payload batch. */
  message_type: string;
  /** Opaque payloads delivered to the agent. */
  messages: JsonObject[];
  /** Optional existing context to continue under. */
  context_id?: string | null;
  /** Optional existing task to continue under. */
  task_id?: string | null;
  /** Optional caller-supplied message id for provenance continuity. */
  message_id?: string | null;
  /** Optional transport metadata for the receiving agent. */
  metadata?: JsonObject | null;
}
/** Buffered acknowledgement for deterministic host delivery. */
export interface HostDispatchAck {
  /** True when the receiving agent accepted the delivery. */
  accepted: boolean;
  /** Optional operator-facing detail string. */
  detail?: string | null;
}
/** Agent contract: register this; host invokes onChatMessage per message. */
export interface BamlAgent {
  /** Optional: run(ctx) is the entrypoint; runtime wraps it into onChatMessage. Prefer this over onChatMessage. */
  run?(ctx: RunContext): Promise<SessionResult>;
  /** Optional: raw handler when run is not used. */
  onChatMessage?(message: ChatMessage): Promise<void>;
  /** Optional: handler for deterministic host dispatch (non-conversational). */
  onDispatch?(request: HostDispatchRequest): Promise<HostDispatchAck>;
  tools?: Record<string, (args: JsonObject) => Promise<JsonValue>>;
}
declare global {
  /** Minimal console interface matching the QuickJS sandbox polyfill (log, info, warn, error, debug). */
  var console: {
    log(...args: unknown[]): void;
    info(...args: unknown[]): void;
    warn(...args: unknown[]): void;
    error(...args: unknown[]): void;
    debug(...args: unknown[]): void;
  };
  /**
   * Global alias for incoming chat messages in agent entrypoints.
   * This keeps bootstrap/index.ts ergonomic without local type shims.
   */
  type ChatMessage = Message;
  /**
   * First text part of a message. Use for any ChatMessage (e.g. from awaitInput).
   * For the initial message you can also use session(message).text().
   */
  function messageText(message: ChatMessage | null | undefined): string;
  /**
   * Start a session for this message. Use the returned builder to get .text(), then .run(async () => ...).
   * Legal transitions and emission are handled by the runtime; you only return success or error from run().
   */
  function session(message: ChatMessage | null | undefined): SessionBuilder;
  function __chat_register(agent: BamlAgent): void;
  /** Emit a stream chunk following A2A wire format. */
  function __chat_yield(chunk: YieldChunk): void;
  function openA2aTaskSession<I = Record<string, unknown>>(token: string): Promise<A2aSessionAwaitingInput<I>>;
  function openA2aExecutionSession(token: string): Promise<A2aExecutionSessionAwaitIntent>;
  /**
   * Extract typed messages from a HostDispatchRequest.
   * Returns the messages array cast to T[]; each element's schema matches message_type.
   */
  function extractDispatchMessages<T = JsonObject>(request: HostDispatchRequest): T[];
}
export type ToolFailureKind =
    | "InvalidInput"
    | "ExecutionFailed"
    | "NotAuthorized"
    | "RateLimited"
    | "Cancelled"
    | "Unknown";
export interface ToolFailure {
    kind: ToolFailureKind;
    message: string;
    retryable: boolean;
}

/** Generated Step Executor bindings (function -> typed step-executor args/result). */

export type StepExecutorFunctionName = "ChooseCalculatoragentTool" | "ChooseCalculatoragentTool__act__support_calculate" | "ChooseCalculatoragentTool__continue__support_calculate" | "ChooseCalculatoragentTool__select";

export interface SessionContext {
    contract_version: "session_context";
    session_open: boolean;
}

/** Last archive read op for this hop (`StepExecutorStateInput.history_context`); distinct from tool-session `SessionStepOp` in Rust provenance. */

export type HistoryContextSessionOp = "SearchRead" | "PageRead";

export type HistoryContextStatus = "done" | "streaming" | "suspended" | "error";

export interface HistoryContext {
    hop: number;
    op: HistoryContextSessionOp;
    status: HistoryContextStatus;
    truncated: boolean;
    cursor: string | null;
    payload: Record<string, unknown> | null;
}

export interface StepExecutorStateInput {
    session_context?: SessionContext | null;
    history_context?: HistoryContext | null;
}

export interface StepExecutorRunOptions {
    max_steps?: number;
}

/**
 * FSM hop telemetry from runGeneratedStepExecutor — not the chat SessionResult.message.
 * User-facing replies are synthesized once at session completion (and recorded there).
 */

export interface StepExecutorRunResult<R = unknown> {
    last: R;
    steps: R[];
    session_context: SessionContext;
    selected_tool: string | null;
}

export interface StepExecutorFunctionMap {
  ChooseCalculatoragentTool: { args: Parameters<typeof ChooseCalculatoragentTool>[0] & StepExecutorStateInput; result: Awaited<ReturnType<typeof ChooseCalculatoragentTool>>; };
  ChooseCalculatoragentTool__act__support_calculate: { args: Parameters<typeof ChooseCalculatoragentTool__act__support_calculate>[0] & StepExecutorStateInput; result: Awaited<ReturnType<typeof ChooseCalculatoragentTool__act__support_calculate>>; };
  ChooseCalculatoragentTool__continue__support_calculate: { args: Parameters<typeof ChooseCalculatoragentTool__continue__support_calculate>[0] & StepExecutorStateInput; result: Awaited<ReturnType<typeof ChooseCalculatoragentTool__continue__support_calculate>>; };
  ChooseCalculatoragentTool__select: { args: Parameters<typeof ChooseCalculatoragentTool__select>[0] & StepExecutorStateInput; result: Awaited<ReturnType<typeof ChooseCalculatoragentTool__select>>; };
}

declare global {
  function runGeneratedStepExecutor<F extends StepExecutorFunctionName>(
    stepExecutor: F,
    args: Omit<StepExecutorFunctionMap[F]["args"], keyof StepExecutorStateInput>,
    options?: StepExecutorRunOptions
  ): Promise<StepExecutorRunResult<StepExecutorFunctionMap[F]["result"]>>;
}


=== tsconfig.json ===
{
  "compilerOptions": {
    "target": "ES2020",
    "lib": ["ES2020"],
    "module": "ESNext",
    "moduleResolution": "node",
    "ignoreDeprecations": "6.0",
    "strict": true,
    "esModuleInterop": true,
    "skipLibCheck": true,
    "declaration": false,
    "sourceMap": false,
    "isolatedModules": true,
    "rootDir": "./src"
  },
  "include": ["src/**/*.ts", "src/**/*.tsx"]
}


=== baml_src/_baml_runtime.baml ===
// Auto-generated tool interfaces
// This file is auto-generated - do not edit manually
//
// Host tools use a session FSM. Which ops are valid on a given model hop is defined only by the
// narrowed BAML return type for that function, not by duplicated prose. Step classes (Open/Send/…)
// and `*SendInput` / `*OpenInput` give field names and @description; see the shared prelude
// and each session-plan `prompt` order: stable types, task, transcript, then ctx.output_format last.

// Shared standard planning types
class StandardAgentPlanStep {
  agent_package string @description("Exact agent_package from discovery results (e.g. 'extrospection-agent'). Copy verbatim — do not truncate or reformat.")
  agent_instance_id string @description("Agent instance ID, usually 'default'. Copy from discovery results.")
  sub_message string
}

class StandardStructuredPlan {
  intent_description string
  objective string
  plan_steps StandardAgentPlanStep[]
  citations string[]? @description("Optional refs (#N, @N) for observability; use @N:L when a step depends on specific tool lines; omit or [].")
}

/// Step row for LLM-authored plans committed via execution-session `submitPlan`.
/// `step_id` is a plan-local alias for `startStep` / `completeStep` — not a global provenance identifier;
/// the host derives canonical step entity ids from task scope + plan + this slug.
/// `depends_on` lists prerequisite `step_id` values (DAG). Omit or use [] when none; use `order` for display and tie-breaking.
class ProvenancePlanStep {
  step_id string @description("Plan-local slug (may be LLM-authored); not globally unique — host compounds with task/plan for canonical ids. Reuse in startStep/completeStep.")
  description string @description("What this step does.")
  order int @description("Ordinal for display and tie-breaking.")
  depends_on string[]? @description("Prerequisite step_ids (same alias namespace as step_id); omit or [] if none.")
}

/// Runtime session state injected by the step-executor loop.
/// Do not construct manually — values come from the FSM.
class SessionContext {
  contract_version string
  session_open bool
}

/// Opaque JSON transport wrapper for host-managed tools and event payloads.
/// Generated BAML callers pass serialized JSON in `__baml_opaque_json`.
/// Direct host-side callers may still send arbitrary raw JSON.
class OpaqueJson {
  opaque_json string @alias("__baml_opaque_json") @description("Serialized JSON payload.")
}

// Structured reply types for synthesis functions
enum ReplyMediaType {
  TextPlain @alias("text/plain")
  TextMarkdown @alias("text/markdown")
  ApplicationJson @alias("application/json")
  TextCsv @alias("text/csv")
}

class TextPart {
  type "text"
  text string
}

class DataPart {
  type "data"
  data string @description("Serialised content (e.g. JSON string, CSV string).")
  media_type ReplyMediaType @description("MIME type of the data field.")
}

type ReplyPart = TextPart | DataPart

// Canonical synthesis + wire shape: same type in BAML and TypeScript (SessionResult.message, emitters).
class StructuredReply {
  parts ReplyPart[] @description("Ordered parts: start with TextPart (type \"text\") — set media_type TextMarkdown for rich answers (see TextPart); optionally append DataPart (type \"data\", media_type ApplicationJson) with a JSON string for machine-readable UI payloads.")
  citations string[] @description("Cite sources this output used. History: #N (session lines: user, assistant, tool calls). Archive: @N (Send/tool output only). Line-level: @N:L or @N:L1-L2 — use when a claim depends on specific lines, not a bare @N. Counter-evidence: prefix ! (e.g. !#N, !@N). Do not use # for archives or @ for history; namespaces differ.")
}

/// Line-filtered archive read (emit op SearchRead).
class ArchiveSearchReadInput {
  archive_ref string @description("Which archive to open: an existing @N from conversation (Send output). This field names the handle; use PageRead/SearchRead to read the lines behind it. Do not invent refs. SearchRead/PageRead are legal with a real visible @N without Open or an active session.")
  grep string @description("Non-empty filter over rendered archive lines. SearchRead is for locating lines that match; use when you have a concrete term. Shape: substring or regex per host (e.g. name, -i error). For full contiguous slices without filtering, use PageRead.")
  offset int? @description("0-based offset over grep matches (after the filter). First window: offset=0; next: previous next_offset while matches remain.")
  limit int? @description("Max lines in this read window. Prefer a small explicit value when exploring. Omitting limit uses the host default (bounded).")
}

/// Contiguous archive paging without a line filter (emit op PageRead).
class ArchivePageReadInput {
  archive_ref string @description("Which archive to open: an existing @N from conversation (Send output). This field names the handle; use PageRead/SearchRead to read the lines behind it. Do not invent refs. SearchRead/PageRead are legal with a real visible @N without Open or an active session.")
  offset int? @description("0-based offset over full rendered archive lines (no grep). First window: offset=0; next: previous next_offset while lines remain.")
  limit int? @description("Max lines in this read window. Prefer a small explicit value when exploring. Omitting limit uses the host default (bounded).")
}

/// Global line-filtered archive read step. Legal before Open, during a session, or after a Send.
class ArchiveSearchReadStep {
  op "SearchRead"
  input ArchiveSearchReadInput @description("Read a filtered window of an existing archive: required archive_ref and non-empty grep. Why: the summary line is not the text; this step materializes matching lines. If the prior read shows offset=, continue with that offset. For contiguous unfiltered text, use PageRead instead.")
}

/// Global contiguous archive paging step. Legal before Open, during a session, or after a Send.
class ArchivePageReadStep {
  op "PageRead"
  input ArchivePageReadInput @description("Read a contiguous window of an existing archive: required archive_ref; omit grep. Why: the summary line is not the body; this step materializes lines. The host line may show offset= for the next page. For line filtering, use SearchRead.")
}
// Domain types generated from #[derive(BamlType)]
/// A binary arithmetic expression: left OP right.
/// Provide integer operands and choose one of the four arithmetic operations.
class Expression {
  left int @description("Left-hand integer operand.")
  operation MathOperation @description("Arithmetic operation to apply.")
  right int @description("Right-hand integer operand. Must not be 0 when operation is Divide.")
}

/// Arithmetic operation for a binary expression.
/// Accepted as the variant name (e.g. 'Add') or its symbolic alias ('+', '-', '*', '/').
enum MathOperation {
  Add @alias("+")
  Subtract @alias("-")
  Multiply @alias("*")
  Divide @alias("/")
}

/// Input to the calculator tool. Construct an Expression and submit it to evaluate.
class CalculatorInput {
  expression Expression @description("The binary expression to evaluate.")
}

class CalculatorOutput {
  expression string
  result float
  formatted string
}
/// Tool card for support/calculate: metadata for polymorphic Open selection.
class SupportCalculateToolCard {
  tool_name "support/calculate"
  description "Performs mathematical calculations. Can handle addition, subtraction, multiplication, and division."
  session_policy "Strict"
  input_summary "{ expression: { left: integer, operation: enum(\"*\" | \"+\" | \"-\" | \"/\"), right: integer } }"
  tags string[] @description("Tool tags: support, calculate")
}

class SupportCalculateOpenStep {
  op "Open"
  tool_name "support/calculate" @description("Tool to open")
}

class SupportCalculateSendStep {
  op "Send"
  input CalculatorInput @description("Payload for this step.")
  citations string[] @description("Cite what informed this Send. History: #N. For archive evidence, prefer @N:L (or @N:L1–L2) only after you have read those lines via PageRead/SearchRead. Do not use a bare @N as proof of archive content you have not read. Counter-evidence: ! prefix.")
}

class SupportCalculateSearchReadStep {
  op "SearchRead"
  input ArchiveSearchReadInput @description("Read a filtered window of an existing archive: required archive_ref and non-empty grep. Why: the summary line is not the text; this step materializes matching lines. If the prior read shows offset=, continue with that offset. For contiguous unfiltered text, use PageRead instead.")
}

class SupportCalculatePageReadStep {
  op "PageRead"
  input ArchivePageReadInput @description("Read a contiguous window of an existing archive: required archive_ref; omit grep. Why: the summary line is not the body; this step materializes lines. The host line may show offset= for the next page. For line filtering, use SearchRead.")
}

class SupportCalculateFinishStep {
  op "Finish"
}

class SupportCalculateAbortStep {
  op "Abort"
}

type SupportCalculateSessionStep = SupportCalculateOpenStep | SupportCalculateSendStep | SupportCalculateSearchReadStep | SupportCalculatePageReadStep | SupportCalculateFinishStep | SupportCalculateAbortStep

class SupportCalculateSessionPlan {
  step SupportCalculateSessionStep @description("Emit one step. Legal `op` and field shapes: this return type and the `*OpenStep` / `*SendStep` / `SearchRead` / `PageRead` / `Finish` / `Abort` classes in this file — do not paraphrase JSON field lists in the prompt. A @N in history is a handle until you read it.")
  citations string[] @description("Cite sources this output used. History: #N (session lines: user, assistant, tool calls). Archive: @N (Send/tool output only). Line-level: @N:L or @N:L1-L2 — use when a claim depends on specific lines, not a bare @N. Counter-evidence: prefix ! (e.g. !#N, !@N). Do not use # for archives or @ for history; namespaces differ.")
}



// ── builder: per-phase step executors (from IR) ──

// Auto-generated per-phase step executor functions.
// Each phase narrows the return type to only the legal FSM ops.

/// Phase: select — open a tool session.
function ChooseCalculatoragentTool__select(
  user_message: string,
  session_context: SessionContext
) -> SupportCalculateOpenStep {

  client DefaultClient
  prompt #"[OPEN] Open a session with: support/calculate.\n\nThe user said: { user_message }
Decide whether to use a tool and produce a session plan.

{ ctx.output_format }

{ _.role('user') }
{ user_message }

PHASE CONSTRAINT (select — open): The JSON root must match ONLY this hop: Report, AskUser, or a bare Open step (fields: op, tool_name, initial_input as applicable). Do NOT wrap Open under a parent step property — that wrapper is for ClaudeDevSessionPlan on the full Choose* function, not this narrowed hop.
"#

}

/// Phase: act — first post-Open hop: Send, SearchRead, or PageRead (support/calculate).
function ChooseCalculatoragentTool__act__support_calculate(
  user_message: string,
  session_context: SessionContext
) -> SupportCalculateSendStep | SupportCalculateSearchReadStep | SupportCalculatePageReadStep {

  client DefaultClient
  prompt #"[ACT] A support/calculate session is open. Emit Send for new work, or SearchRead/PageRead an existing @N archive when tool output is already archived — do not re-Send the same listing.\n\nThe user said: { user_message }
Decide whether to use a tool and produce a session plan.

{ ctx.output_format }

{ _.role('user') }
{ user_message }

PHASE CONSTRAINT (act — Send or archive read): The JSON root must be exactly one Send, SearchRead, or PageRead step. op must be exactly the string Send, SearchRead, or PageRead — never Read (Read is not a legal op). Include input and citations per schema. Do NOT return Report, AskUser, Open, or Finish. Do NOT wrap under a step property. For SearchRead use ArchiveSearchReadInput; for PageRead use ArchivePageReadInput (archive_ref uses @N — never #N).
"#

}

/// Phase: continue — SearchRead/PageRead, send again, or finish support/calculate.
function ChooseCalculatoragentTool__continue__support_calculate(
  user_message: string,
  session_context: SessionContext
) -> SupportCalculateSendStep | SupportCalculateSearchReadStep | SupportCalculatePageReadStep | SupportCalculateFinishStep {

  client DefaultClient
  prompt #"[CONTINUE] support/calculate result is archived.\nCheck session history:\n- See \"@N support/calculate\" followed by numbered lines → content is inline; emit Finish\n- See \"@N support/calculate\" with \"more lines\" indicator → emit SearchRead or PageRead to paginate\n- See \"@N support/calculate\" with no content yet → emit SearchRead or PageRead with archive_ref=\"@N\"\n- Large or unknown @N: set grep, small limit, offset to page; do not open wide PageRead windows without a pattern\n\nThe user said: { user_message }
Decide whether to use a tool and produce a session plan.

{ ctx.output_format }

{ _.role('user') }
{ user_message }

PHASE CONSTRAINT (continue): The JSON root must be exactly one Send, SearchRead, PageRead, or Finish step. op must be Send, SearchRead, PageRead, or Finish — never Read. Do NOT return Report, AskUser, or Open. Do NOT use a step wrapper object. For SearchRead use ArchiveSearchReadInput; for PageRead use ArchivePageReadInput (archive_ref uses @N).
"#

}
