---
source: crates/baml-rt-builder/tests/bootstrap_test.rs
expression: artifacts
---
=== manifest.json ===
{
  "version": "1.0.0",
  "name": "explorer-agent",
  "description": "Test description for explorer",
  "entry_point": "src/index.ts",
  "runtime_version": "0.1.0",
  "tools": []
}

=== baml_src/explorer_agent_prompt.baml ===
// Agent prompt — edit as needed
function Exploreragent(input: string) -> string {
  client DefaultClient
  prompt #"
    You are a helpful agent. The user said: { input }
    Reply briefly.
  "#
}

client DefaultClient {
  provider openai
  options {
    model "gpt-4o-mini"
    api_key env.OPENAI_API_KEY
  }
}


=== src/index.ts ===
// @ts-nocheck
// Types from ./a2a.ts (normal TS include).

function extractText(params: unknown): string {
  if (!params || typeof params !== 'object') return 'unknown';
  const p = params as Record<string, unknown>;
  if (typeof p.text === 'string') return p.text;
  const message = p.message as Record<string, unknown> | undefined;
  if (message && Array.isArray(message.parts) && message.parts.length > 0) {
    const first = (message.parts as Record<string, unknown>[])[0];
    if (first && typeof first.text === 'string') return first.text;
  }
  return 'unknown';
}

async function handle_a2a_request(request: unknown): Promise<void> {
  const params = request.params ?? {} as Record<string, unknown>;
  const text = extractText(params);
  const result = await Exploreragent({ input: text });
  __baml_a2a_yield({
    message: {
      messageId: 'resp-1',
      role: 'ROLE_AGENT',
      parts: [{ text: String(result) }],
    },
  });
}
__baml_a2a_register({ handle_a2a_request });


=== src/baml-runtime.d.ts ===
declare function Exploreragent(args?: Record<string, unknown>): Promise<unknown>;

export type ToolFailureKind =
    | "InvalidInput"
    | "ExecutionFailed"
    | "NotAuthorized"
    | "RateLimited"
    | "Cancelled"
    | "Unknown";
export interface ToolFailure {
    kind: ToolFailureKind;
    message: string;
    retryable: boolean;
}
export type ToolStep<O> =
    | { status: "streaming"; output: O }
    | { status: "done"; output?: O }
    | { status: "error"; error: ToolFailure };
export interface ToolSession<I, O> {
    sessionId: string;
    send(input: I): Promise<void>;
    continue(): Promise<ToolStep<O>>;
    finish(): Promise<void>;
    abort(reason?: string): Promise<void>;
}
export type ToolName = never;


=== src/a2a.ts ===
/**
 * A2A (Agent-to-Agent) types for BAML agent packages.
 * Only message.sendStream is supported; all message handling is async/stream.
 *
 * Stream contract:
 * - For message.sendStream the host sets globalThis.__baml_a2a_yield_buffer and
 *   globalThis.__baml_a2a_yield before invoking handle_a2a_request.
 * - The agent MUST call __baml_a2a_yield(chunk) for each A2aStreamChunk it produces.
 *   The host reads the buffer after the promise resolves and uses it as the stream.
 * - Return value of handle_a2a_request is ignored. No fallback.
 * - tasks.subscribe and tasks.cancel are handled by the host; task state comes from
 *   chunks stored when processing sendStream.
 */

export interface Part {
  text?: string;
  data?: unknown;
  raw?: string;
  url?: string;
  filename?: string;
  mediaType?: string;
  metadata?: Record<string, unknown>;
  [key: string]: unknown;
}

export interface Message {
  messageId: string;
  role: string;
  parts: Part[];
  contextId?: string;
  taskId?: string;
  referenceTaskIds?: string[];
  extensions?: string[];
  metadata?: Record<string, unknown>;
  [key: string]: unknown;
}

export interface SendMessageRequest {
  message: Message;
  configuration?: {
    acceptedOutputModes?: string[];
    blocking?: boolean;
    historyLength?: number | string;
    [key: string]: unknown;
  };
  metadata?: Record<string, unknown>;
  tenant?: string;
  [key: string]: unknown;
}

export interface Artifact {
  artifactId?: string;
  name?: string;
  description?: string;
  parts: Part[];
  metadata?: Record<string, unknown>;
  extensions?: string[];
  [key: string]: unknown;
}

export interface TaskStatus {
  state?: string;
  message?: Message;
  timestamp?: string;
  [key: string]: unknown;
}

export interface Task {
  id?: string;
  contextId?: string;
  artifacts?: Artifact[];
  history?: Message[];
  status?: TaskStatus;
  metadata?: Record<string, unknown>;
  [key: string]: unknown;
}

export interface TaskStatusUpdateEvent {
  contextId?: string;
  taskId?: string;
  status?: TaskStatus;
  metadata?: Record<string, unknown>;
  [key: string]: unknown;
}

export interface TaskArtifactUpdateEvent {
  contextId?: string;
  taskId?: string;
  lastChunk?: boolean;
  append?: boolean;
  artifact?: Artifact;
  metadata?: Record<string, unknown>;
  [key: string]: unknown;
}

/** One chunk in a message.sendStream response. */
export type A2aStreamChunk =
  | { message: Message; task?: never; statusUpdate?: never; artifactUpdate?: never }
  | { message?: never; task: Task; statusUpdate?: never; artifactUpdate?: never }
  | { message?: never; task?: never; statusUpdate: TaskStatusUpdateEvent; artifactUpdate?: never }
  | { message?: never; task?: never; statusUpdate?: never; artifactUpdate: TaskArtifactUpdateEvent }
  | { message?: Message; task?: Task; statusUpdate?: TaskStatusUpdateEvent; artifactUpdate?: TaskArtifactUpdateEvent; [key: string]: unknown };

export interface A2aJsonRpcRequest {
  jsonrpc: string;
  method: "message.sendStream";
  params?: SendMessageRequest;
  id?: string | number | null;
}

export interface BamlAgent {
  /** For stream requests, yield each chunk via __baml_a2a_yield(chunk); return value is ignored. */
  handle_a2a_request(request: A2aJsonRpcRequest): Promise<void>;
  handle_a2a_cancel?(args: { id: string; tenant?: string }): Promise<void>;
}

declare global {
  function __baml_a2a_register(
    agent: BamlAgent & { tools?: Record<string, (args: unknown) => Promise<unknown>> }
  ): void;
  /** Set by host before stream requests. Agent must call once per chunk. */
  function __baml_a2a_yield(chunk: A2aStreamChunk): void;
}


=== tsconfig.json ===
{
  "compilerOptions": { "strict": true, "skipLibCheck": true },
  "include": ["src/**/*"]
}


=== baml_src/generated_tools.baml ===
<not generated>
